gthr-default.h:229:1:int __gthread_key_delete(__gthread_key_t)	16	static
atomic_base.h:80:3:constexpr std::memory_order std::operator&(std::memory_order, std::__memory_order_modifier)	16	static
ESPProject.cpp:30:6:void SysTick_Handler()	8	static
ESPProject.cpp:37:6:void Sleep(int)	16	static
ESPProject.cpp:44:5:int main()	8	static
atomic_base.h:261:7:std::__atomic_base<_IntTp>::operator std::__atomic_base<_IntTp>::__int_type() const volatile [with _ITp = int]	24	static
atomic_base.h:291:7:std::__atomic_base<_IntTp>::__int_type std::__atomic_base<_IntTp>::operator--(int) volatile [with _ITp = int]	32	static
atomic_base.h:272:7:std::__atomic_base<_IntTp>::__int_type std::__atomic_base<_IntTp>::operator=(std::__atomic_base<_IntTp>::__int_type) volatile [with _ITp = int]	32	static
ESPProject.cpp:70:1:void __static_initialization_and_destruction_0(int, int)	16	static
ESPProject.cpp:70:1:cpp)	8	static
