13:11:34 **** Build of configuration Debug for project lpc_board_nxp_lpcxpresso_1549 ****
make -r all 
Building file: ../src/board.c
Invoking: MCU C Compiler
arm-none-eabi-gcc -D__REDLIB__ -DDEBUG -D__CODE_RED -D__USE_LPCOPEN -DCORE_M3 -I"C:\Users\johan\Documents\MCUXpressoIDE_11.1.0_3209\ESPProject\lpc_chip_15xx\inc" -I"C:\Users\johan\Documents\MCUXpressoIDE_11.1.0_3209\ESPProject\lpc_board_nxp_lpcxpresso_1549\inc" -O0 -g3 -Wall -c -fmessage-length=0 -fno-builtin -ffunction-sections -fdata-sections -fmerge-constants -fmacro-prefix-map="../src/"=. -mcpu=cortex-m3 -mthumb -fstack-usage -specs=redlib.specs -MMD -MP -MF"src/board.d" -MT"src/board.o" -MT"src/board.d" -o "src/board.o" "../src/board.c"
Finished building: ../src/board.c
 
Building file: ../src/board_sysinit.c
Invoking: MCU C Compiler
arm-none-eabi-gcc -D__REDLIB__ -DDEBUG -D__CODE_RED -D__USE_LPCOPEN -DCORE_M3 -I"C:\Users\johan\Documents\MCUXpressoIDE_11.1.0_3209\ESPProject\lpc_chip_15xx\inc" -I"C:\Users\johan\Documents\MCUXpressoIDE_11.1.0_3209\ESPProject\lpc_board_nxp_lpcxpresso_1549\inc" -O0 -g3 -Wall -c -fmessage-length=0 -fno-builtin -ffunction-sections -fdata-sections -fmerge-constants -fmacro-prefix-map="../src/"=. -mcpu=cortex-m3 -mthumb -fstack-usage -specs=redlib.specs -MMD -MP -MF"src/board_sysinit.d" -MT"src/board_sysinit.o" -MT"src/board_sysinit.d" -o "src/board_sysinit.o" "../src/board_sysinit.c"
Finished building: ../src/board_sysinit.c
 
Building target: liblpc_board_nxp_lpcxpresso_1549.a
Invoking: MCU Archiver
arm-none-eabi-ar -r  "liblpc_board_nxp_lpcxpresso_1549.a"  ./src/board.o ./src/board_sysinit.o   
arm-none-eabi-ar: creating liblpc_board_nxp_lpcxpresso_1549.a
Finished building target: liblpc_board_nxp_lpcxpresso_1549.a
 
C:/nxp/MCUXpressoIDE_11.1.0_3209/ide/plugins/com.nxp.mcuxpresso.tools.win32_11.1.0.201909161352/buildtools/bin/make --no-print-directory post-build
Performing post-build steps
arm-none-eabi-size "liblpc_board_nxp_lpcxpresso_1549.a" ; # arm-none-eabi-objdump -h -S "liblpc_board_nxp_lpcxpresso_1549.a" >"liblpc_board_nxp_lpcxpresso_1549.lss"
   text	   data	    bss	    dec	    hex	filename
   1307	      0	      0	   1307	    51b	board.o (ex liblpc_board_nxp_lpcxpresso_1549.a)
    570	      0	      0	    570	    23a	board_sysinit.o (ex liblpc_board_nxp_lpcxpresso_1549.a)
 
13:11:36 **** Build of configuration Debug for project lpc_chip_15xx ****
make -r all 
Building file: ../src/acmp_15xx.c
Invoking: MCU C Compiler
arm-none-eabi-gcc -D__REDLIB__ -DDEBUG -D__CODE_RED -D__USE_LPCOPEN -DCORE_M3 -I"C:\Users\johan\Documents\MCUXpressoIDE_11.1.0_3209\ESPProject\lpc_chip_15xx\inc" -O0 -g3 -Wall -c -fmessage-length=0 -fno-builtin -ffunction-sections -fdata-sections -fmerge-constants -fmacro-prefix-map="../src/"=. -mcpu=cortex-m3 -mthumb -fstack-usage -specs=redlib.specs -MMD -MP -MF"src/acmp_15xx.d" -MT"src/acmp_15xx.o" -MT"src/acmp_15xx.d" -o "src/acmp_15xx.o" "../src/acmp_15xx.c"
Finished building: ../src/acmp_15xx.c
 
Building file: ../src/adc_15xx.c
Invoking: MCU C Compiler
arm-none-eabi-gcc -D__REDLIB__ -DDEBUG -D__CODE_RED -D__USE_LPCOPEN -DCORE_M3 -I"C:\Users\johan\Documents\MCUXpressoIDE_11.1.0_3209\ESPProject\lpc_chip_15xx\inc" -O0 -g3 -Wall -c -fmessage-length=0 -fno-builtin -ffunction-sections -fdata-sections -fmerge-constants -fmacro-prefix-map="../src/"=. -mcpu=cortex-m3 -mthumb -fstack-usage -specs=redlib.specs -MMD -MP -MF"src/adc_15xx.d" -MT"src/adc_15xx.o" -MT"src/adc_15xx.d" -o "src/adc_15xx.o" "../src/adc_15xx.c"
Finished building: ../src/adc_15xx.c
 
Building file: ../src/chip_15xx.c
Invoking: MCU C Compiler
arm-none-eabi-gcc -D__REDLIB__ -DDEBUG -D__CODE_RED -D__USE_LPCOPEN -DCORE_M3 -I"C:\Users\johan\Documents\MCUXpressoIDE_11.1.0_3209\ESPProject\lpc_chip_15xx\inc" -O0 -g3 -Wall -c -fmessage-length=0 -fno-builtin -ffunction-sections -fdata-sections -fmerge-constants -fmacro-prefix-map="../src/"=. -mcpu=cortex-m3 -mthumb -fstack-usage -specs=redlib.specs -MMD -MP -MF"src/chip_15xx.d" -MT"src/chip_15xx.o" -MT"src/chip_15xx.d" -o "src/chip_15xx.o" "../src/chip_15xx.c"
Finished building: ../src/chip_15xx.c
 
Building file: ../src/clock_15xx.c
Invoking: MCU C Compiler
arm-none-eabi-gcc -D__REDLIB__ -DDEBUG -D__CODE_RED -D__USE_LPCOPEN -DCORE_M3 -I"C:\Users\johan\Documents\MCUXpressoIDE_11.1.0_3209\ESPProject\lpc_chip_15xx\inc" -O0 -g3 -Wall -c -fmessage-length=0 -fno-builtin -ffunction-sections -fdata-sections -fmerge-constants -fmacro-prefix-map="../src/"=. -mcpu=cortex-m3 -mthumb -fstack-usage -specs=redlib.specs -MMD -MP -MF"src/clock_15xx.d" -MT"src/clock_15xx.o" -MT"src/clock_15xx.d" -o "src/clock_15xx.o" "../src/clock_15xx.c"
Finished building: ../src/clock_15xx.c
 
Building file: ../src/crc_15xx.c
Invoking: MCU C Compiler
arm-none-eabi-gcc -D__REDLIB__ -DDEBUG -D__CODE_RED -D__USE_LPCOPEN -DCORE_M3 -I"C:\Users\johan\Documents\MCUXpressoIDE_11.1.0_3209\ESPProject\lpc_chip_15xx\inc" -O0 -g3 -Wall -c -fmessage-length=0 -fno-builtin -ffunction-sections -fdata-sections -fmerge-constants -fmacro-prefix-map="../src/"=. -mcpu=cortex-m3 -mthumb -fstack-usage -specs=redlib.specs -MMD -MP -MF"src/crc_15xx.d" -MT"src/crc_15xx.o" -MT"src/crc_15xx.d" -o "src/crc_15xx.o" "../src/crc_15xx.c"
Finished building: ../src/crc_15xx.c
 
Building file: ../src/dac_15xx.c
Invoking: MCU C Compiler
arm-none-eabi-gcc -D__REDLIB__ -DDEBUG -D__CODE_RED -D__USE_LPCOPEN -DCORE_M3 -I"C:\Users\johan\Documents\MCUXpressoIDE_11.1.0_3209\ESPProject\lpc_chip_15xx\inc" -O0 -g3 -Wall -c -fmessage-length=0 -fno-builtin -ffunction-sections -fdata-sections -fmerge-constants -fmacro-prefix-map="../src/"=. -mcpu=cortex-m3 -mthumb -fstack-usage -specs=redlib.specs -MMD -MP -MF"src/dac_15xx.d" -MT"src/dac_15xx.o" -MT"src/dac_15xx.d" -o "src/dac_15xx.o" "../src/dac_15xx.c"
Finished building: ../src/dac_15xx.c
 
Building file: ../src/dma_15xx.c
Invoking: MCU C Compiler
arm-none-eabi-gcc -D__REDLIB__ -DDEBUG -D__CODE_RED -D__USE_LPCOPEN -DCORE_M3 -I"C:\Users\johan\Documents\MCUXpressoIDE_11.1.0_3209\ESPProject\lpc_chip_15xx\inc" -O0 -g3 -Wall -c -fmessage-length=0 -fno-builtin -ffunction-sections -fdata-sections -fmerge-constants -fmacro-prefix-map="../src/"=. -mcpu=cortex-m3 -mthumb -fstack-usage -specs=redlib.specs -MMD -MP -MF"src/dma_15xx.d" -MT"src/dma_15xx.o" -MT"src/dma_15xx.d" -o "src/dma_15xx.o" "../src/dma_15xx.c"
Finished building: ../src/dma_15xx.c
 
Building file: ../src/eeprom.c
Invoking: MCU C Compiler
arm-none-eabi-gcc -D__REDLIB__ -DDEBUG -D__CODE_RED -D__USE_LPCOPEN -DCORE_M3 -I"C:\Users\johan\Documents\MCUXpressoIDE_11.1.0_3209\ESPProject\lpc_chip_15xx\inc" -O0 -g3 -Wall -c -fmessage-length=0 -fno-builtin -ffunction-sections -fdata-sections -fmerge-constants -fmacro-prefix-map="../src/"=. -mcpu=cortex-m3 -mthumb -fstack-usage -specs=redlib.specs -MMD -MP -MF"src/eeprom.d" -MT"src/eeprom.o" -MT"src/eeprom.d" -o "src/eeprom.o" "../src/eeprom.c"
Finished building: ../src/eeprom.c
 
Building file: ../src/gpio_15xx.c
Invoking: MCU C Compiler
arm-none-eabi-gcc -D__REDLIB__ -DDEBUG -D__CODE_RED -D__USE_LPCOPEN -DCORE_M3 -I"C:\Users\johan\Documents\MCUXpressoIDE_11.1.0_3209\ESPProject\lpc_chip_15xx\inc" -O0 -g3 -Wall -c -fmessage-length=0 -fno-builtin -ffunction-sections -fdata-sections -fmerge-constants -fmacro-prefix-map="../src/"=. -mcpu=cortex-m3 -mthumb -fstack-usage -specs=redlib.specs -MMD -MP -MF"src/gpio_15xx.d" -MT"src/gpio_15xx.o" -MT"src/gpio_15xx.d" -o "src/gpio_15xx.o" "../src/gpio_15xx.c"
Finished building: ../src/gpio_15xx.c
 
Building file: ../src/i2c_common_15xx.c
Invoking: MCU C Compiler
arm-none-eabi-gcc -D__REDLIB__ -DDEBUG -D__CODE_RED -D__USE_LPCOPEN -DCORE_M3 -I"C:\Users\johan\Documents\MCUXpressoIDE_11.1.0_3209\ESPProject\lpc_chip_15xx\inc" -O0 -g3 -Wall -c -fmessage-length=0 -fno-builtin -ffunction-sections -fdata-sections -fmerge-constants -fmacro-prefix-map="../src/"=. -mcpu=cortex-m3 -mthumb -fstack-usage -specs=redlib.specs -MMD -MP -MF"src/i2c_common_15xx.d" -MT"src/i2c_common_15xx.o" -MT"src/i2c_common_15xx.d" -o "src/i2c_common_15xx.o" "../src/i2c_common_15xx.c"
Finished building: ../src/i2c_common_15xx.c
 
Building file: ../src/i2cm_15xx.c
Invoking: MCU C Compiler
arm-none-eabi-gcc -D__REDLIB__ -DDEBUG -D__CODE_RED -D__USE_LPCOPEN -DCORE_M3 -I"C:\Users\johan\Documents\MCUXpressoIDE_11.1.0_3209\ESPProject\lpc_chip_15xx\inc" -O0 -g3 -Wall -c -fmessage-length=0 -fno-builtin -ffunction-sections -fdata-sections -fmerge-constants -fmacro-prefix-map="../src/"=. -mcpu=cortex-m3 -mthumb -fstack-usage -specs=redlib.specs -MMD -MP -MF"src/i2cm_15xx.d" -MT"src/i2cm_15xx.o" -MT"src/i2cm_15xx.d" -o "src/i2cm_15xx.o" "../src/i2cm_15xx.c"
Finished building: ../src/i2cm_15xx.c
 
Building file: ../src/i2cs_15xx.c
Invoking: MCU C Compiler
arm-none-eabi-gcc -D__REDLIB__ -DDEBUG -D__CODE_RED -D__USE_LPCOPEN -DCORE_M3 -I"C:\Users\johan\Documents\MCUXpressoIDE_11.1.0_3209\ESPProject\lpc_chip_15xx\inc" -O0 -g3 -Wall -c -fmessage-length=0 -fno-builtin -ffunction-sections -fdata-sections -fmerge-constants -fmacro-prefix-map="../src/"=. -mcpu=cortex-m3 -mthumb -fstack-usage -specs=redlib.specs -MMD -MP -MF"src/i2cs_15xx.d" -MT"src/i2cs_15xx.o" -MT"src/i2cs_15xx.d" -o "src/i2cs_15xx.o" "../src/i2cs_15xx.c"
Finished building: ../src/i2cs_15xx.c
 
Building file: ../src/iap.c
Invoking: MCU C Compiler
arm-none-eabi-gcc -D__REDLIB__ -DDEBUG -D__CODE_RED -D__USE_LPCOPEN -DCORE_M3 -I"C:\Users\johan\Documents\MCUXpressoIDE_11.1.0_3209\ESPProject\lpc_chip_15xx\inc" -O0 -g3 -Wall -c -fmessage-length=0 -fno-builtin -ffunction-sections -fdata-sections -fmerge-constants -fmacro-prefix-map="../src/"=. -mcpu=cortex-m3 -mthumb -fstack-usage -specs=redlib.specs -MMD -MP -MF"src/iap.d" -MT"src/iap.o" -MT"src/iap.d" -o "src/iap.o" "../src/iap.c"
Finished building: ../src/iap.c
 
Building file: ../src/iocon_15xx.c
Invoking: MCU C Compiler
arm-none-eabi-gcc -D__REDLIB__ -DDEBUG -D__CODE_RED -D__USE_LPCOPEN -DCORE_M3 -I"C:\Users\johan\Documents\MCUXpressoIDE_11.1.0_3209\ESPProject\lpc_chip_15xx\inc" -O0 -g3 -Wall -c -fmessage-length=0 -fno-builtin -ffunction-sections -fdata-sections -fmerge-constants -fmacro-prefix-map="../src/"=. -mcpu=cortex-m3 -mthumb -fstack-usage -specs=redlib.specs -MMD -MP -MF"src/iocon_15xx.d" -MT"src/iocon_15xx.o" -MT"src/iocon_15xx.d" -o "src/iocon_15xx.o" "../src/iocon_15xx.c"
Finished building: ../src/iocon_15xx.c
 
Building file: ../src/pinint_15xx.c
Invoking: MCU C Compiler
arm-none-eabi-gcc -D__REDLIB__ -DDEBUG -D__CODE_RED -D__USE_LPCOPEN -DCORE_M3 -I"C:\Users\johan\Documents\MCUXpressoIDE_11.1.0_3209\ESPProject\lpc_chip_15xx\inc" -O0 -g3 -Wall -c -fmessage-length=0 -fno-builtin -ffunction-sections -fdata-sections -fmerge-constants -fmacro-prefix-map="../src/"=. -mcpu=cortex-m3 -mthumb -fstack-usage -specs=redlib.specs -MMD -MP -MF"src/pinint_15xx.d" -MT"src/pinint_15xx.o" -MT"src/pinint_15xx.d" -o "src/pinint_15xx.o" "../src/pinint_15xx.c"
Finished building: ../src/pinint_15xx.c
 
Building file: ../src/pmu_15xx.c
Invoking: MCU C Compiler
arm-none-eabi-gcc -D__REDLIB__ -DDEBUG -D__CODE_RED -D__USE_LPCOPEN -DCORE_M3 -I"C:\Users\johan\Documents\MCUXpressoIDE_11.1.0_3209\ESPProject\lpc_chip_15xx\inc" -O0 -g3 -Wall -c -fmessage-length=0 -fno-builtin -ffunction-sections -fdata-sections -fmerge-constants -fmacro-prefix-map="../src/"=. -mcpu=cortex-m3 -mthumb -fstack-usage -specs=redlib.specs -MMD -MP -MF"src/pmu_15xx.d" -MT"src/pmu_15xx.o" -MT"src/pmu_15xx.d" -o "src/pmu_15xx.o" "../src/pmu_15xx.c"
Finished building: ../src/pmu_15xx.c
 
Building file: ../src/ring_buffer.c
Invoking: MCU C Compiler
arm-none-eabi-gcc -D__REDLIB__ -DDEBUG -D__CODE_RED -D__USE_LPCOPEN -DCORE_M3 -I"C:\Users\johan\Documents\MCUXpressoIDE_11.1.0_3209\ESPProject\lpc_chip_15xx\inc" -O0 -g3 -Wall -c -fmessage-length=0 -fno-builtin -ffunction-sections -fdata-sections -fmerge-constants -fmacro-prefix-map="../src/"=. -mcpu=cortex-m3 -mthumb -fstack-usage -specs=redlib.specs -MMD -MP -MF"src/ring_buffer.d" -MT"src/ring_buffer.o" -MT"src/ring_buffer.d" -o "src/ring_buffer.o" "../src/ring_buffer.c"
Finished building: ../src/ring_buffer.c
 
Building file: ../src/ritimer_15xx.c
Invoking: MCU C Compiler
arm-none-eabi-gcc -D__REDLIB__ -DDEBUG -D__CODE_RED -D__USE_LPCOPEN -DCORE_M3 -I"C:\Users\johan\Documents\MCUXpressoIDE_11.1.0_3209\ESPProject\lpc_chip_15xx\inc" -O0 -g3 -Wall -c -fmessage-length=0 -fno-builtin -ffunction-sections -fdata-sections -fmerge-constants -fmacro-prefix-map="../src/"=. -mcpu=cortex-m3 -mthumb -fstack-usage -specs=redlib.specs -MMD -MP -MF"src/ritimer_15xx.d" -MT"src/ritimer_15xx.o" -MT"src/ritimer_15xx.d" -o "src/ritimer_15xx.o" "../src/ritimer_15xx.c"
Finished building: ../src/ritimer_15xx.c
 
Building file: ../src/rtc_15xx.c
Invoking: MCU C Compiler
arm-none-eabi-gcc -D__REDLIB__ -DDEBUG -D__CODE_RED -D__USE_LPCOPEN -DCORE_M3 -I"C:\Users\johan\Documents\MCUXpressoIDE_11.1.0_3209\ESPProject\lpc_chip_15xx\inc" -O0 -g3 -Wall -c -fmessage-length=0 -fno-builtin -ffunction-sections -fdata-sections -fmerge-constants -fmacro-prefix-map="../src/"=. -mcpu=cortex-m3 -mthumb -fstack-usage -specs=redlib.specs -MMD -MP -MF"src/rtc_15xx.d" -MT"src/rtc_15xx.o" -MT"src/rtc_15xx.d" -o "src/rtc_15xx.o" "../src/rtc_15xx.c"
Finished building: ../src/rtc_15xx.c
 
Building file: ../src/sct_15xx.c
Invoking: MCU C Compiler
arm-none-eabi-gcc -D__REDLIB__ -DDEBUG -D__CODE_RED -D__USE_LPCOPEN -DCORE_M3 -I"C:\Users\johan\Documents\MCUXpressoIDE_11.1.0_3209\ESPProject\lpc_chip_15xx\inc" -O0 -g3 -Wall -c -fmessage-length=0 -fno-builtin -ffunction-sections -fdata-sections -fmerge-constants -fmacro-prefix-map="../src/"=. -mcpu=cortex-m3 -mthumb -fstack-usage -specs=redlib.specs -MMD -MP -MF"src/sct_15xx.d" -MT"src/sct_15xx.o" -MT"src/sct_15xx.d" -o "src/sct_15xx.o" "../src/sct_15xx.c"
Finished building: ../src/sct_15xx.c
 
Building file: ../src/sct_pwm_15xx.c
Invoking: MCU C Compiler
arm-none-eabi-gcc -D__REDLIB__ -DDEBUG -D__CODE_RED -D__USE_LPCOPEN -DCORE_M3 -I"C:\Users\johan\Documents\MCUXpressoIDE_11.1.0_3209\ESPProject\lpc_chip_15xx\inc" -O0 -g3 -Wall -c -fmessage-length=0 -fno-builtin -ffunction-sections -fdata-sections -fmerge-constants -fmacro-prefix-map="../src/"=. -mcpu=cortex-m3 -mthumb -fstack-usage -specs=redlib.specs -MMD -MP -MF"src/sct_pwm_15xx.d" -MT"src/sct_pwm_15xx.o" -MT"src/sct_pwm_15xx.d" -o "src/sct_pwm_15xx.o" "../src/sct_pwm_15xx.c"
Finished building: ../src/sct_pwm_15xx.c
 
Building file: ../src/sctipu_15xx.c
Invoking: MCU C Compiler
arm-none-eabi-gcc -D__REDLIB__ -DDEBUG -D__CODE_RED -D__USE_LPCOPEN -DCORE_M3 -I"C:\Users\johan\Documents\MCUXpressoIDE_11.1.0_3209\ESPProject\lpc_chip_15xx\inc" -O0 -g3 -Wall -c -fmessage-length=0 -fno-builtin -ffunction-sections -fdata-sections -fmerge-constants -fmacro-prefix-map="../src/"=. -mcpu=cortex-m3 -mthumb -fstack-usage -specs=redlib.specs -MMD -MP -MF"src/sctipu_15xx.d" -MT"src/sctipu_15xx.o" -MT"src/sctipu_15xx.d" -o "src/sctipu_15xx.o" "../src/sctipu_15xx.c"
Finished building: ../src/sctipu_15xx.c
 
Building file: ../src/spi_15xx.c
Invoking: MCU C Compiler
arm-none-eabi-gcc -D__REDLIB__ -DDEBUG -D__CODE_RED -D__USE_LPCOPEN -DCORE_M3 -I"C:\Users\johan\Documents\MCUXpressoIDE_11.1.0_3209\ESPProject\lpc_chip_15xx\inc" -O0 -g3 -Wall -c -fmessage-length=0 -fno-builtin -ffunction-sections -fdata-sections -fmerge-constants -fmacro-prefix-map="../src/"=. -mcpu=cortex-m3 -mthumb -fstack-usage -specs=redlib.specs -MMD -MP -MF"src/spi_15xx.d" -MT"src/spi_15xx.o" -MT"src/spi_15xx.d" -o "src/spi_15xx.o" "../src/spi_15xx.c"
Finished building: ../src/spi_15xx.c
 
Building file: ../src/stopwatch_15xx.c
Invoking: MCU C Compiler
arm-none-eabi-gcc -D__REDLIB__ -DDEBUG -D__CODE_RED -D__USE_LPCOPEN -DCORE_M3 -I"C:\Users\johan\Documents\MCUXpressoIDE_11.1.0_3209\ESPProject\lpc_chip_15xx\inc" -O0 -g3 -Wall -c -fmessage-length=0 -fno-builtin -ffunction-sections -fdata-sections -fmerge-constants -fmacro-prefix-map="../src/"=. -mcpu=cortex-m3 -mthumb -fstack-usage -specs=redlib.specs -MMD -MP -MF"src/stopwatch_15xx.d" -MT"src/stopwatch_15xx.o" -MT"src/stopwatch_15xx.d" -o "src/stopwatch_15xx.o" "../src/stopwatch_15xx.c"
Finished building: ../src/stopwatch_15xx.c
 
Building file: ../src/swm_15xx.c
Invoking: MCU C Compiler
arm-none-eabi-gcc -D__REDLIB__ -DDEBUG -D__CODE_RED -D__USE_LPCOPEN -DCORE_M3 -I"C:\Users\johan\Documents\MCUXpressoIDE_11.1.0_3209\ESPProject\lpc_chip_15xx\inc" -O0 -g3 -Wall -c -fmessage-length=0 -fno-builtin -ffunction-sections -fdata-sections -fmerge-constants -fmacro-prefix-map="../src/"=. -mcpu=cortex-m3 -mthumb -fstack-usage -specs=redlib.specs -MMD -MP -MF"src/swm_15xx.d" -MT"src/swm_15xx.o" -MT"src/swm_15xx.d" -o "src/swm_15xx.o" "../src/swm_15xx.c"
Finished building: ../src/swm_15xx.c
 
Building file: ../src/sysctl_15xx.c
Invoking: MCU C Compiler
arm-none-eabi-gcc -D__REDLIB__ -DDEBUG -D__CODE_RED -D__USE_LPCOPEN -DCORE_M3 -I"C:\Users\johan\Documents\MCUXpressoIDE_11.1.0_3209\ESPProject\lpc_chip_15xx\inc" -O0 -g3 -Wall -c -fmessage-length=0 -fno-builtin -ffunction-sections -fdata-sections -fmerge-constants -fmacro-prefix-map="../src/"=. -mcpu=cortex-m3 -mthumb -fstack-usage -specs=redlib.specs -MMD -MP -MF"src/sysctl_15xx.d" -MT"src/sysctl_15xx.o" -MT"src/sysctl_15xx.d" -o "src/sysctl_15xx.o" "../src/sysctl_15xx.c"
Finished building: ../src/sysctl_15xx.c
 
Building file: ../src/sysinit_15xx.c
Invoking: MCU C Compiler
arm-none-eabi-gcc -D__REDLIB__ -DDEBUG -D__CODE_RED -D__USE_LPCOPEN -DCORE_M3 -I"C:\Users\johan\Documents\MCUXpressoIDE_11.1.0_3209\ESPProject\lpc_chip_15xx\inc" -O0 -g3 -Wall -c -fmessage-length=0 -fno-builtin -ffunction-sections -fdata-sections -fmerge-constants -fmacro-prefix-map="../src/"=. -mcpu=cortex-m3 -mthumb -fstack-usage -specs=redlib.specs -MMD -MP -MF"src/sysinit_15xx.d" -MT"src/sysinit_15xx.o" -MT"src/sysinit_15xx.d" -o "src/sysinit_15xx.o" "../src/sysinit_15xx.c"
../src/sysinit_15xx.c: In function 'Chip_SetupIrcClocking':
../src/sysinit_15xx.c:53:15: warning: unused variable 'i' [-Wunused-variable]
  volatile int i;
               ^
Finished building: ../src/sysinit_15xx.c
 
Building file: ../src/uart_15xx.c
Invoking: MCU C Compiler
arm-none-eabi-gcc -D__REDLIB__ -DDEBUG -D__CODE_RED -D__USE_LPCOPEN -DCORE_M3 -I"C:\Users\johan\Documents\MCUXpressoIDE_11.1.0_3209\ESPProject\lpc_chip_15xx\inc" -O0 -g3 -Wall -c -fmessage-length=0 -fno-builtin -ffunction-sections -fdata-sections -fmerge-constants -fmacro-prefix-map="../src/"=. -mcpu=cortex-m3 -mthumb -fstack-usage -specs=redlib.specs -MMD -MP -MF"src/uart_15xx.d" -MT"src/uart_15xx.o" -MT"src/uart_15xx.d" -o "src/uart_15xx.o" "../src/uart_15xx.c"
Finished building: ../src/uart_15xx.c
 
Building file: ../src/wwdt_15xx.c
Invoking: MCU C Compiler
arm-none-eabi-gcc -D__REDLIB__ -DDEBUG -D__CODE_RED -D__USE_LPCOPEN -DCORE_M3 -I"C:\Users\johan\Documents\MCUXpressoIDE_11.1.0_3209\ESPProject\lpc_chip_15xx\inc" -O0 -g3 -Wall -c -fmessage-length=0 -fno-builtin -ffunction-sections -fdata-sections -fmerge-constants -fmacro-prefix-map="../src/"=. -mcpu=cortex-m3 -mthumb -fstack-usage -specs=redlib.specs -MMD -MP -MF"src/wwdt_15xx.d" -MT"src/wwdt_15xx.o" -MT"src/wwdt_15xx.d" -o "src/wwdt_15xx.o" "../src/wwdt_15xx.c"
Finished building: ../src/wwdt_15xx.c
 
Building target: liblpc_chip_15xx.a
Invoking: MCU Archiver
arm-none-eabi-ar -r  "liblpc_chip_15xx.a"  ./src/acmp_15xx.o ./src/adc_15xx.o ./src/chip_15xx.o ./src/clock_15xx.o ./src/crc_15xx.o ./src/dac_15xx.o ./src/dma_15xx.o ./src/eeprom.o ./src/gpio_15xx.o ./src/i2c_common_15xx.o ./src/i2cm_15xx.o ./src/i2cs_15xx.o ./src/iap.o ./src/iocon_15xx.o ./src/pinint_15xx.o ./src/pmu_15xx.o ./src/ring_buffer.o ./src/ritimer_15xx.o ./src/rtc_15xx.o ./src/sct_15xx.o ./src/sct_pwm_15xx.o ./src/sctipu_15xx.o ./src/spi_15xx.o ./src/stopwatch_15xx.o ./src/swm_15xx.o ./src/sysctl_15xx.o ./src/sysinit_15xx.o ./src/uart_15xx.o ./src/wwdt_15xx.o   
arm-none-eabi-ar: creating liblpc_chip_15xx.a
Finished building target: liblpc_chip_15xx.a
 
C:/nxp/MCUXpressoIDE_11.1.0_3209/ide/plugins/com.nxp.mcuxpresso.tools.win32_11.1.0.201909161352/buildtools/bin/make --no-print-directory post-build
Performing post-build steps
arm-none-eabi-size "liblpc_chip_15xx.a" ; # arm-none-eabi-objdump -h -S "liblpc_chip_15xx.a" >"liblpc_chip_15xx.lss"
   text	   data	    bss	    dec	    hex	filename
    610	      0	      0	    610	    262	acmp_15xx.o (ex liblpc_chip_15xx.a)
    790	      0	      0	    790	    316	adc_15xx.o (ex liblpc_chip_15xx.a)
    298	      0	      0	    298	    12a	chip_15xx.o (ex liblpc_chip_15xx.a)
   1678	      0	      0	   1678	    68e	clock_15xx.o (ex liblpc_chip_15xx.a)
    494	      0	      0	    494	    1ee	crc_15xx.o (ex liblpc_chip_15xx.a)
     60	      0	      0	     60	     3c	dac_15xx.o (ex liblpc_chip_15xx.a)
    294	      0	      0	    294	    126	dma_15xx.o (ex liblpc_chip_15xx.a)
    192	      0	      0	    192	     c0	eeprom.o (ex liblpc_chip_15xx.a)
    684	      0	      0	    684	    2ac	gpio_15xx.o (ex liblpc_chip_15xx.a)
     84	      0	      0	     84	     54	i2c_common_15xx.o (ex liblpc_chip_15xx.a)
    864	      0	      0	    864	    360	i2cm_15xx.o (ex liblpc_chip_15xx.a)
    444	      0	      0	    444	    1bc	i2cs_15xx.o (ex liblpc_chip_15xx.a)
    600	      0	      0	    600	    258	iap.o (ex liblpc_chip_15xx.a)
    122	      0	      0	    122	     7a	iocon_15xx.o (ex liblpc_chip_15xx.a)
      0	      0	      0	      0	      0	pinint_15xx.o (ex liblpc_chip_15xx.a)
    288	      0	      0	    288	    120	pmu_15xx.o (ex liblpc_chip_15xx.a)
    962	      0	      0	    962	    3c2	ring_buffer.o (ex liblpc_chip_15xx.a)
    666	      0	      0	    666	    29a	ritimer_15xx.o (ex liblpc_chip_15xx.a)
      0	      0	      0	      0	      0	rtc_15xx.o (ex liblpc_chip_15xx.a)
    318	      0	      0	    318	    13e	sct_15xx.o (ex liblpc_chip_15xx.a)
    412	      0	      0	    412	    19c	sct_pwm_15xx.o (ex liblpc_chip_15xx.a)
    140	      0	      0	    140	     8c	sctipu_15xx.o (ex liblpc_chip_15xx.a)
   1766	      0	      0	   1766	    6e6	spi_15xx.o (ex liblpc_chip_15xx.a)
    328	      0	     12	    340	    154	stopwatch_15xx.o (ex liblpc_chip_15xx.a)
    356	      0	      0	    356	    164	swm_15xx.o (ex liblpc_chip_15xx.a)
    454	      0	      0	    454	    1c6	sysctl_15xx.o (ex liblpc_chip_15xx.a)
    420	      0	      0	    420	    1a4	sysinit_15xx.o (ex liblpc_chip_15xx.a)
   1114	      0	      0	   1114	    45a	uart_15xx.o (ex liblpc_chip_15xx.a)
    114	      0	      0	    114	     72	wwdt_15xx.o (ex liblpc_chip_15xx.a)
 
13:11:49 **** Build of configuration Debug for project ESPProject ****
make -r -j8 all 
Building file: ../src/ESPProject.cpp
Building file: ../src/cr_cpp_config.cpp
Building file: ../src/crp.c
Building file: ../src/cr_startup_lpc15xx.cpp
Building file: ../src/sysinit.c
Invoking: MCU C++ Compiler
Invoking: MCU C++ Compiler
arm-none-eabi-c++ -std=c++11 -DDEBUG -D__CODE_RED -D__NEWLIB__ -DCORE_M3 -D__USE_LPCOPEN -DCPP_USE_HEAP -D__LPC15XX__ -I"C:\Users\johan\Documents\MCUXpressoIDE_11.1.0_3209\ESPProject\lpc_board_nxp_lpcxpresso_1549\inc" -I"C:\Users\johan\Documents\MCUXpressoIDE_11.1.0_3209\ESPProject\lpc_chip_15xx\inc" -O0 -fno-common -g3 -Wall -c -fmessage-length=0 -fno-builtin -ffunction-sections -fdata-sections -fno-rtti -fno-exceptions -fmerge-constants -fmacro-prefix-map="../src/"=. -mcpu=cortex-m3 -mthumb -fstack-usage -MMD -MP -MF"src/ESPProject.d" -MT"src/ESPProject.d" -o "src/ESPProject.o" "../src/ESPProject.cpp"
Invoking: MCU C++ Compiler
arm-none-eabi-c++ -DDEBUG -D__CODE_RED -D__NEWLIB__ -DCORE_M3 -D__USE_LPCOPEN -DCPP_USE_HEAP -D__LPC15XX__ -I"C:\Users\johan\Documents\MCUXpressoIDE_11.1.0_3209\ESPProject\lpc_board_nxp_lpcxpresso_1549\inc" -I"C:\Users\johan\Documents\MCUXpressoIDE_11.1.0_3209\ESPProject\lpc_chip_15xx\inc" -O0 -fno-common -g3 -Wall -c -fmessage-length=0 -fno-builtin -ffunction-sections -fdata-sections -fno-rtti -fno-exceptions -fmerge-constants -fmacro-prefix-map="../src/"=. -mcpu=cortex-m3 -mthumb -fstack-usage -MMD -MP -MInvoking: MCU C Compiler
F"src/cr_cpp_config.d" -MT"src/cr_cpp_config.o" -MT"src/cr_cpp_config.d" -o "src/cr_cpp_config.o" "../src/cr_cpp_config.cpp"
Invoking: MCU C Compiler
arm-none-eabi-c++ -DDEBUG -D__CODE_RED -D__NEWLIB__ -DCORE_M3 -D__USE_LPCOPEN -DCPP_USE_HEAP -D__LPC15XX__ -I"C:\Users\johan\Documents\MCUXpressoIDE_11.1.0_3209\ESPProject\lpc_board_nxp_lpcxpresso_1549\inc" -I"C:\Users\johan\Documents\MCUXpressoIDE_11.1.0_3209\ESPProject\lpc_chip_15xx\inc" -O0 -fno-common -g3 -Wall -c -fmessage-length=0 -fno-builtin -ffunction-sections -fdata-sections -fno-rtti -fno-exceptions -fmerge-constants -fmacro-prefix-map="../src/"=. -mcpu=cortex-m3 -mthumb -fstack-usage -MMD -MP -MF"src/cr_startup_lpc15xx.d" -MT"src/cr_startup_lpc15xx.o" -MT"src/cr_startup_lpc15xx.d" -o "src/cr_startup_lpc15xx.o" "../src/cr_startup_lpc15xx.cpp"
arm-none-eabi-gcc -std=c11 -DDEBUG -D__CODE_RED -D__NEWLIB__ -DCORE_M3 -D__USE_LPCOPEN -DCPP_USE_HEAP -D__LPC15XX__ -I"C:\Users\johan\Documents\MCUXpressoIDE_11.1.0_3209\ESPProject\lpc_board_nxp_lpcxpresso_1549\inc" -I"C:\Users\johan\Documents\MCUXpressoIDE_11.1.0_3209\ESPProject\lpc_chip_15xx\inc" -O0 -fno-common -g3 -Wall -c -fmessage-length=0 -fno-builtin -ffunction-sections -fdata-sections -fmerge-constants -fmacro-prefix-map="../src/"=. -mcpu=cortex-m3 -mthumb -fstack-usage -MMD -MP -MF"src/crp.d" -MT"src/crp.o" -MT"src/crp.d" -o "src/crp.o" "../src/crp.c"
arm-none-eabi-gcc -std=c11 -DDEBUG -D__CODE_RED -D__NEWLIB__ -DCORE_M3 -D__USE_LPCOPEN -DCPP_USE_HEAP -D__LPC15XX__ -I"C:\Users\johan\Documents\MCUXpressoIDE_11.1.0_3209\ESPProject\lpc_board_nxp_lpcxpresso_1549\inc" -I"C:\Users\johan\Documents\MCUXpressoIDE_11.1.0_3209\ESPProject\lpc_chip_15xx\inc" -O0 -fno-common -g3 -Wall -c -fmessage-length=0 -fno-builtin -ffunction-sections -fdata-sections -fmerge-constants -fmacro-prefix-map="../src/"=. -mcpu=cortex-m3 -mthumb -fstack-usage -MMD -MP -MF"src/sysinit.d" -MT"src/sysinit.o" -MT"src/sysinit.d" -o "src/sysinit.o" "../src/sysinit.c"
Finished building: ../src/crp.c
 
Finished building: ../src/cr_startup_lpc15xx.cpp
Finished building: ../src/cr_cpp_config.cpp
 
 
Finished building: ../src/ESPProject.cpp
Finished building: ../src/sysinit.c
 
 
Building target: ESPProject.axf
Invoking: MCU C++ Linker
arm-none-eabi-c++ -nostdlib -L"C:\Users\johan\Documents\MCUXpressoIDE_11.1.0_3209\ESPProject\lpc_board_nxp_lpcxpresso_1549\Debug" -L"C:\Users\johan\Documents\MCUXpressoIDE_11.1.0_3209\ESPProject\lpc_chip_15xx\Debug" -Xlinker -Map="ESPProject.map" -Xlinker --cref -Xlinker --gc-sections -Xlinker -print-memory-usage -mcpu=cortex-m3 -mthumb -T "ESPProject_Debug.ld" -o "ESPProject.axf"  ./src/ESPProject.o ./src/cr_cpp_config.o ./src/cr_startup_lpc15xx.o ./src/crp.o ./src/sysinit.o   -llpc_board_nxp_lpcxpresso_1549 -llpc_chip_15xx
Memory region         Used Size  Region Size  %age Used
       MFlash256:        5032 B       256 KB      1.92%
      Ram0_16_32:          36 B        32 KB      0.11%
          Ram2_4:          0 GB         4 KB      0.00%
Finished building target: ESPProject.axf
 
C:/nxp/MCUXpressoIDE_11.1.0_3209/ide/plugins/com.nxp.mcuxpresso.tools.win32_11.1.0.201909161352/buildtools/bin/make --no-print-directory post-build
Performing post-build steps
arm-none-eabi-size "ESPProject.axf"; # arm-none-eabi-objcopy -v -O binary "ESPProject.axf" "ESPProject.bin" ; # checksum -p LPC1549 -d "ESPProject.bin";
   text	   data	    bss	    dec	    hex	filename
   5032	      0	     36	   5068	   13cc	ESPProject.axf
 
13:12:35 **** Incremental Build of configuration Debug for project lpc_board_nxp_lpcxpresso_1549 ****
make -r all 
make: Nothing to be done for 'all'.
13:12:36 **** Incremental Build of configuration Debug for project lpc_chip_15xx ****
make -r all 
make: Nothing to be done for 'all'.
13:12:36 **** Build of configuration Debug for project periph_blinky ****
make -r -j8 all 
Building file: ../example/src/cr_startup_lpc15xx.c
Building file: ../example/src/sysinit.c
Building file: ../example/src/systick.c
Invoking: MCU C Compiler
Invoking: MCU C Compiler
arm-none-eabi-gcc -DDEBUG -D__CODE_RED -D__USE_LPCOPEN -D__REDLIB__ -DCORE_M3 -I"C:\Users\johan\Documents\MCUXpressoIDE_11.1.0_3209\ESPProject\lpc_chip_15xx\inc" -I"C:\Users\johan\Documents\MCUXpressoIDE_11.1.0_3209\ESPProject\lpc_board_nxp_lpcxpresso_1549\inc" -O0 -g3 -Wall -c -fmessage-length=0 -fno-builtin -ffunction-sections -fdata-sections -fmerge-constants -fmacro-prefix-map="../example/src/"=. -mcpu=cortex-m3 -mthumb -fstack-usage -specs=redlib.specs -MMD -MP -MF"example/src/cr_startup_lpc15xx.d" -MT"example/src/cr_startup_lpc15xx.o" -MT"example/src/cr_startup_lpc15xx.d" -o "example/src/cr_startup_lpc15xx.o" "../example/src/cr_startup_lpc15xx.c"
Invoking: MCU C Compiler
arm-none-eabi-gcc -DDEBUG -D__CODE_RED -D__USE_LPCOPEN -D__REDLIB__ -DCORE_M3 -I"C:\Users\johan\Documents\MCUXpressoIDE_11.1.0_3209\ESPProject\lpc_chip_15xx\inc" -I"C:\Users\johan\Documents\MCUXpressoIDE_11.1.0_3209\ESPProject\lpc_board_nxp_lpcxpresso_1549\inc" -O0 -g3 -Wall -c -fmessage-length=0 -fno-builtin -ffunction-sections -fdata-sections -fmerge-constants -fmacro-prefix-map="../example/src/"=. -mcpu=cortex-m3 -mthumb -fstack-usage -specs=redlib.specs -MMD -MP -MF"example/src/sysinit.d" -MT"example/src/sysinit.o" -MT"example/src/sysinit.d" -o "example/src/sysinit.o" "../example/src/sysinit.c"
arm-none-eabi-gcc -DDEBUG -D__CODE_RED -D__USE_LPCOPEN -D__REDLIB__ -DCORE_M3 -I"C:\Users\johan\Documents\MCUXpressoIDE_11.1.0_3209\ESPProject\lpc_chip_15xx\inc" -I"C:\Users\johan\Documents\MCUXpressoIDE_11.1.0_3209\ESPProject\lpc_board_nxp_lpcxpresso_1549\inc" -O0 -g3 -Wall -c -fmessage-length=0 -fno-builtin -ffunction-sections -fdata-sections -fmerge-constants -fmacro-prefix-map="../example/src/"=. -mcpu=cortex-m3 -mthumb -fstack-usage -specs=redlib.specs -MMD -MP -MF"example/src/systick.d" -MT"example/src/systick.o" -MT"example/src/systick.d" -o "example/src/systick.o" "../example/src/systick.c"
Finished building: ../example/src/cr_startup_lpc15xx.c
 
Finished building: ../example/src/sysinit.c
 
Finished building: ../example/src/systick.c
 
Building target: periph_blinky.axf
Invoking: MCU Linker
arm-none-eabi-gcc -nostdlib -L"C:\Users\johan\Documents\MCUXpressoIDE_11.1.0_3209\ESPProject\lpc_chip_15xx\Debug" -L"C:\Users\johan\Documents\MCUXpressoIDE_11.1.0_3209\ESPProject\lpc_board_nxp_lpcxpresso_1549\Debug" -Xlinker -Map="periph_blinky.map" -Xlinker --gc-sections -mcpu=cortex-m3 -mthumb -T "periph_blinky_Debug.ld" -o "periph_blinky.axf"  ./example/src/cr_startup_lpc15xx.o ./example/src/sysinit.o ./example/src/systick.o   -llpc_board_nxp_lpcxpresso_1549 -llpc_chip_15xx
Finished building target: periph_blinky.axf
 
C:/nxp/MCUXpressoIDE_11.1.0_3209/ide/plugins/com.nxp.mcuxpresso.tools.win32_11.1.0.201909161352/buildtools/bin/make --no-print-directory post-build
Performing post-build steps
arm-none-eabi-size "periph_blinky.axf"; # arm-none-eabi-objcopy -v -O binary "periph_blinky.axf" "periph_blinky.bin" ; # checksum -p LPC1549 -d "periph_blinky.bin";
   text	   data	    bss	    dec	    hex	filename
   6520	      0	    488	   7008	   1b60	periph_blinky.axf
 
14:21:23 **** Clean-only build of configuration Debug for project lpc_board_nxp_lpcxpresso_1549 ****
make -r clean 
rm -rf  ./src/board.o ./src/board_sysinit.o  ./src/board.d ./src/board_sysinit.d  liblpc_board_nxp_lpcxpresso_1549.a
 
14:21:24 **** Build of configuration Debug for project lpc_board_nxp_lpcxpresso_1549 ****
make -r all 
Building file: ../src/board.c
Invoking: MCU C Compiler
arm-none-eabi-gcc -DDEBUG -D__CODE_RED -D__USE_LPCOPEN -DCORE_M3 -D__NEWLIB__ -I"C:\Users\Elppo\Documents\Koulu\2.vuosi_Smart_Systems\3 jakso\ES-project\lpc_chip_15xx\inc" -I"C:\Users\Elppo\Documents\Koulu\2.vuosi_Smart_Systems\3 jakso\ES-project\lpc_board_nxp_lpcxpresso_1549\inc" -O0 -g3 -Wall -c -fmessage-length=0 -fno-builtin -ffunction-sections -fdata-sections -mcpu=cortex-m3 -mthumb -D__NEWLIB__ -fstack-usage -MMD -MP -MF"src/board.d" -MT"src/board.o" -MT"src/board.d" -o "src/board.o" "../src/board.c"
Finished building: ../src/board.c
 
Building file: ../src/board_sysinit.c
Invoking: MCU C Compiler
arm-none-eabi-gcc -DDEBUG -D__CODE_RED -D__USE_LPCOPEN -DCORE_M3 -D__NEWLIB__ -I"C:\Users\Elppo\Documents\Koulu\2.vuosi_Smart_Systems\3 jakso\ES-project\lpc_chip_15xx\inc" -I"C:\Users\Elppo\Documents\Koulu\2.vuosi_Smart_Systems\3 jakso\ES-project\lpc_board_nxp_lpcxpresso_1549\inc" -O0 -g3 -Wall -c -fmessage-length=0 -fno-builtin -ffunction-sections -fdata-sections -mcpu=cortex-m3 -mthumb -D__NEWLIB__ -fstack-usage -MMD -MP -MF"src/board_sysinit.d" -MT"src/board_sysinit.o" -MT"src/board_sysinit.d" -o "src/board_sysinit.o" "../src/board_sysinit.c"
Finished building: ../src/board_sysinit.c
 
Building target: liblpc_board_nxp_lpcxpresso_1549.a
Invoking: MCU Archiver
arm-none-eabi-ar -r  "liblpc_board_nxp_lpcxpresso_1549.a"  ./src/board.o ./src/board_sysinit.o   
arm-none-eabi-ar: creating liblpc_board_nxp_lpcxpresso_1549.a
Finished building target: liblpc_board_nxp_lpcxpresso_1549.a
 
C:/nxp/MCUXpressoIDE_11.0.0_2516/ide/plugins/com.nxp.mcuxpresso.tools.win32_11.0.0.201905131304/buildtools/bin/make --no-print-directory post-build
Performing post-build steps
arm-none-eabi-size "liblpc_board_nxp_lpcxpresso_1549.a" ; # arm-none-eabi-objdump -h -S "liblpc_board_nxp_lpcxpresso_1549.a" >"liblpc_board_nxp_lpcxpresso_1549.lss"
   text	   data	    bss	    dec	    hex	filename
   1357	      0	      0	   1357	    54d	board.o (ex liblpc_board_nxp_lpcxpresso_1549.a)
    570	      0	      0	    570	    23a	board_sysinit.o (ex liblpc_board_nxp_lpcxpresso_1549.a)
 
14:21:25 **** Clean-only build of configuration Debug for project lpc_chip_15xx ****
make -r clean 
rm -rf  ./src/acmp_15xx.o ./src/adc_15xx.o ./src/chip_15xx.o ./src/clock_15xx.o ./src/crc_15xx.o ./src/dac_15xx.o ./src/dma_15xx.o ./src/eeprom.o ./src/gpio_15xx.o ./src/i2c_common_15xx.o ./src/i2cm_15xx.o ./src/i2cs_15xx.o ./src/iap.o ./src/iocon_15xx.o ./src/pinint_15xx.o ./src/pmu_15xx.o ./src/ring_buffer.o ./src/ritimer_15xx.o ./src/rtc_15xx.o ./src/sct_15xx.o ./src/sct_pwm_15xx.o ./src/sctipu_15xx.o ./src/spi_15xx.o ./src/stopwatch_15xx.o ./src/swm_15xx.o ./src/sysctl_15xx.o ./src/sysinit_15xx.o ./src/uart_15xx.o ./src/wwdt_15xx.o  ./src/acmp_15xx.d ./src/adc_15xx.d ./src/chip_15xx.d ./src/clock_15xx.d ./src/crc_15xx.d ./src/dac_15xx.d ./src/dma_15xx.d ./src/eeprom.d ./src/gpio_15xx.d ./src/i2c_common_15xx.d ./src/i2cm_15xx.d ./src/i2cs_15xx.d ./src/iap.d ./src/iocon_15xx.d ./src/pinint_15xx.d ./src/pmu_15xx.d ./src/ring_buffer.d ./src/ritimer_15xx.d ./src/rtc_15xx.d ./src/sct_15xx.d ./src/sct_pwm_15xx.d ./src/sctipu_15xx.d ./src/spi_15xx.d ./src/stopwatch_15xx.d ./src/swm_15xx.d ./src/sysctl_15xx.d ./src/sysinit_15xx.d ./src/uart_15xx.d ./src/wwdt_15xx.d  liblpc_chip_15xx.a
 
14:21:26 **** Build of configuration Debug for project lpc_chip_15xx ****
make -r all 
Building file: ../src/acmp_15xx.c
Invoking: MCU C Compiler
arm-none-eabi-gcc -DDEBUG -D__CODE_RED -D__USE_LPCOPEN -DCORE_M3 -D__NEWLIB__ -I"C:\Users\Elppo\Documents\Koulu\2.vuosi_Smart_Systems\3 jakso\ES-project\lpc_chip_15xx\inc" -O0 -g3 -Wall -c -fmessage-length=0 -fno-builtin -ffunction-sections -fdata-sections -mcpu=cortex-m3 -mthumb -D__NEWLIB__ -fstack-usage -MMD -MP -MF"src/acmp_15xx.d" -MT"src/acmp_15xx.o" -MT"src/acmp_15xx.d" -o "src/acmp_15xx.o" "../src/acmp_15xx.c"
Finished building: ../src/acmp_15xx.c
 
Building file: ../src/adc_15xx.c
Invoking: MCU C Compiler
arm-none-eabi-gcc -DDEBUG -D__CODE_RED -D__USE_LPCOPEN -DCORE_M3 -D__NEWLIB__ -I"C:\Users\Elppo\Documents\Koulu\2.vuosi_Smart_Systems\3 jakso\ES-project\lpc_chip_15xx\inc" -O0 -g3 -Wall -c -fmessage-length=0 -fno-builtin -ffunction-sections -fdata-sections -mcpu=cortex-m3 -mthumb -D__NEWLIB__ -fstack-usage -MMD -MP -MF"src/adc_15xx.d" -MT"src/adc_15xx.o" -MT"src/adc_15xx.d" -o "src/adc_15xx.o" "../src/adc_15xx.c"
Finished building: ../src/adc_15xx.c
 
Building file: ../src/chip_15xx.c
Invoking: MCU C Compiler
arm-none-eabi-gcc -DDEBUG -D__CODE_RED -D__USE_LPCOPEN -DCORE_M3 -D__NEWLIB__ -I"C:\Users\Elppo\Documents\Koulu\2.vuosi_Smart_Systems\3 jakso\ES-project\lpc_chip_15xx\inc" -O0 -g3 -Wall -c -fmessage-length=0 -fno-builtin -ffunction-sections -fdata-sections -mcpu=cortex-m3 -mthumb -D__NEWLIB__ -fstack-usage -MMD -MP -MF"src/chip_15xx.d" -MT"src/chip_15xx.o" -MT"src/chip_15xx.d" -o "src/chip_15xx.o" "../src/chip_15xx.c"
Finished building: ../src/chip_15xx.c
 
Building file: ../src/clock_15xx.c
Invoking: MCU C Compiler
arm-none-eabi-gcc -DDEBUG -D__CODE_RED -D__USE_LPCOPEN -DCORE_M3 -D__NEWLIB__ -I"C:\Users\Elppo\Documents\Koulu\2.vuosi_Smart_Systems\3 jakso\ES-project\lpc_chip_15xx\inc" -O0 -g3 -Wall -c -fmessage-length=0 -fno-builtin -ffunction-sections -fdata-sections -mcpu=cortex-m3 -mthumb -D__NEWLIB__ -fstack-usage -MMD -MP -MF"src/clock_15xx.d" -MT"src/clock_15xx.o" -MT"src/clock_15xx.d" -o "src/clock_15xx.o" "../src/clock_15xx.c"
Finished building: ../src/clock_15xx.c
 
Building file: ../src/crc_15xx.c
Invoking: MCU C Compiler
arm-none-eabi-gcc -DDEBUG -D__CODE_RED -D__USE_LPCOPEN -DCORE_M3 -D__NEWLIB__ -I"C:\Users\Elppo\Documents\Koulu\2.vuosi_Smart_Systems\3 jakso\ES-project\lpc_chip_15xx\inc" -O0 -g3 -Wall -c -fmessage-length=0 -fno-builtin -ffunction-sections -fdata-sections -mcpu=cortex-m3 -mthumb -D__NEWLIB__ -fstack-usage -MMD -MP -MF"src/crc_15xx.d" -MT"src/crc_15xx.o" -MT"src/crc_15xx.d" -o "src/crc_15xx.o" "../src/crc_15xx.c"
Finished building: ../src/crc_15xx.c
 
Building file: ../src/dac_15xx.c
Invoking: MCU C Compiler
arm-none-eabi-gcc -DDEBUG -D__CODE_RED -D__USE_LPCOPEN -DCORE_M3 -D__NEWLIB__ -I"C:\Users\Elppo\Documents\Koulu\2.vuosi_Smart_Systems\3 jakso\ES-project\lpc_chip_15xx\inc" -O0 -g3 -Wall -c -fmessage-length=0 -fno-builtin -ffunction-sections -fdata-sections -mcpu=cortex-m3 -mthumb -D__NEWLIB__ -fstack-usage -MMD -MP -MF"src/dac_15xx.d" -MT"src/dac_15xx.o" -MT"src/dac_15xx.d" -o "src/dac_15xx.o" "../src/dac_15xx.c"
Finished building: ../src/dac_15xx.c
 
Building file: ../src/dma_15xx.c
Invoking: MCU C Compiler
arm-none-eabi-gcc -DDEBUG -D__CODE_RED -D__USE_LPCOPEN -DCORE_M3 -D__NEWLIB__ -I"C:\Users\Elppo\Documents\Koulu\2.vuosi_Smart_Systems\3 jakso\ES-project\lpc_chip_15xx\inc" -O0 -g3 -Wall -c -fmessage-length=0 -fno-builtin -ffunction-sections -fdata-sections -mcpu=cortex-m3 -mthumb -D__NEWLIB__ -fstack-usage -MMD -MP -MF"src/dma_15xx.d" -MT"src/dma_15xx.o" -MT"src/dma_15xx.d" -o "src/dma_15xx.o" "../src/dma_15xx.c"
Finished building: ../src/dma_15xx.c
 
Building file: ../src/eeprom.c
Invoking: MCU C Compiler
arm-none-eabi-gcc -DDEBUG -D__CODE_RED -D__USE_LPCOPEN -DCORE_M3 -D__NEWLIB__ -I"C:\Users\Elppo\Documents\Koulu\2.vuosi_Smart_Systems\3 jakso\ES-project\lpc_chip_15xx\inc" -O0 -g3 -Wall -c -fmessage-length=0 -fno-builtin -ffunction-sections -fdata-sections -mcpu=cortex-m3 -mthumb -D__NEWLIB__ -fstack-usage -MMD -MP -MF"src/eeprom.d" -MT"src/eeprom.o" -MT"src/eeprom.d" -o "src/eeprom.o" "../src/eeprom.c"
../src/eeprom.c: In function 'Chip_EEPROM_Write':
../src/eeprom.c:61:12: warning: passing argument 1 of 'iap_entry' from incompatible pointer type [-Wincompatible-pointer-types]
  iap_entry(command, result);
            ^~~~~~~
In file included from C:\Users\Elppo\Documents\Koulu\2.vuosi_Smart_Systems\3 jakso\ES-project\lpc_chip_15xx\inc/chip.h:158,
                 from ../src/eeprom.c:32:
C:\Users\Elppo\Documents\Koulu\2.vuosi_Smart_Systems\3 jakso\ES-project\lpc_chip_15xx\inc/romapi_15xx.h:102:43: note: expected 'unsigned int *' but argument is of type 'uint32_t *' {aka 'long unsigned int *'}
 static INLINE void iap_entry(unsigned int cmd_param[5], unsigned int status_result[4])
                              ~~~~~~~~~~~~~^~~~~~~~~~~~
../src/eeprom.c:61:21: warning: passing argument 2 of 'iap_entry' from incompatible pointer type [-Wincompatible-pointer-types]
  iap_entry(command, result);
                     ^~~~~~
In file included from C:\Users\Elppo\Documents\Koulu\2.vuosi_Smart_Systems\3 jakso\ES-project\lpc_chip_15xx\inc/chip.h:158,
                 from ../src/eeprom.c:32:
C:\Users\Elppo\Documents\Koulu\2.vuosi_Smart_Systems\3 jakso\ES-project\lpc_chip_15xx\inc/romapi_15xx.h:102:70: note: expected 'unsigned int *' but argument is of type 'uint32_t *' {aka 'long unsigned int *'}
 static INLINE void iap_entry(unsigned int cmd_param[5], unsigned int status_result[4])
                                                         ~~~~~~~~~~~~~^~~~~~~~~~~~~~~~
../src/eeprom.c: In function 'Chip_EEPROM_Read':
../src/eeprom.c:76:12: warning: passing argument 1 of 'iap_entry' from incompatible pointer type [-Wincompatible-pointer-types]
  iap_entry(command, result);
            ^~~~~~~
In file included from C:\Users\Elppo\Documents\Koulu\2.vuosi_Smart_Systems\3 jakso\ES-project\lpc_chip_15xx\inc/chip.h:158,
                 from ../src/eeprom.c:32:
C:\Users\Elppo\Documents\Koulu\2.vuosi_Smart_Systems\3 jakso\ES-project\lpc_chip_15xx\inc/romapi_15xx.h:102:43: note: expected 'unsigned int *' but argument is of type 'uint32_t *' {aka 'long unsigned int *'}
 static INLINE void iap_entry(unsigned int cmd_param[5], unsigned int status_result[4])
                              ~~~~~~~~~~~~~^~~~~~~~~~~~
../src/eeprom.c:76:21: warning: passing argument 2 of 'iap_entry' from incompatible pointer type [-Wincompatible-pointer-types]
  iap_entry(command, result);
                     ^~~~~~
In file included from C:\Users\Elppo\Documents\Koulu\2.vuosi_Smart_Systems\3 jakso\ES-project\lpc_chip_15xx\inc/chip.h:158,
                 from ../src/eeprom.c:32:
C:\Users\Elppo\Documents\Koulu\2.vuosi_Smart_Systems\3 jakso\ES-project\lpc_chip_15xx\inc/romapi_15xx.h:102:70: note: expected 'unsigned int *' but argument is of type 'uint32_t *' {aka 'long unsigned int *'}
 static INLINE void iap_entry(unsigned int cmd_param[5], unsigned int status_result[4])
                                                         ~~~~~~~~~~~~~^~~~~~~~~~~~~~~~
Finished building: ../src/eeprom.c
 
Building file: ../src/gpio_15xx.c
Invoking: MCU C Compiler
arm-none-eabi-gcc -DDEBUG -D__CODE_RED -D__USE_LPCOPEN -DCORE_M3 -D__NEWLIB__ -I"C:\Users\Elppo\Documents\Koulu\2.vuosi_Smart_Systems\3 jakso\ES-project\lpc_chip_15xx\inc" -O0 -g3 -Wall -c -fmessage-length=0 -fno-builtin -ffunction-sections -fdata-sections -mcpu=cortex-m3 -mthumb -D__NEWLIB__ -fstack-usage -MMD -MP -MF"src/gpio_15xx.d" -MT"src/gpio_15xx.o" -MT"src/gpio_15xx.d" -o "src/gpio_15xx.o" "../src/gpio_15xx.c"
Finished building: ../src/gpio_15xx.c
 
Building file: ../src/i2c_common_15xx.c
Invoking: MCU C Compiler
arm-none-eabi-gcc -DDEBUG -D__CODE_RED -D__USE_LPCOPEN -DCORE_M3 -D__NEWLIB__ -I"C:\Users\Elppo\Documents\Koulu\2.vuosi_Smart_Systems\3 jakso\ES-project\lpc_chip_15xx\inc" -O0 -g3 -Wall -c -fmessage-length=0 -fno-builtin -ffunction-sections -fdata-sections -mcpu=cortex-m3 -mthumb -D__NEWLIB__ -fstack-usage -MMD -MP -MF"src/i2c_common_15xx.d" -MT"src/i2c_common_15xx.o" -MT"src/i2c_common_15xx.d" -o "src/i2c_common_15xx.o" "../src/i2c_common_15xx.c"
Finished building: ../src/i2c_common_15xx.c
 
Building file: ../src/i2cm_15xx.c
Invoking: MCU C Compiler
arm-none-eabi-gcc -DDEBUG -D__CODE_RED -D__USE_LPCOPEN -DCORE_M3 -D__NEWLIB__ -I"C:\Users\Elppo\Documents\Koulu\2.vuosi_Smart_Systems\3 jakso\ES-project\lpc_chip_15xx\inc" -O0 -g3 -Wall -c -fmessage-length=0 -fno-builtin -ffunction-sections -fdata-sections -mcpu=cortex-m3 -mthumb -D__NEWLIB__ -fstack-usage -MMD -MP -MF"src/i2cm_15xx.d" -MT"src/i2cm_15xx.o" -MT"src/i2cm_15xx.d" -o "src/i2cm_15xx.o" "../src/i2cm_15xx.c"
Finished building: ../src/i2cm_15xx.c
 
Building file: ../src/i2cs_15xx.c
Invoking: MCU C Compiler
arm-none-eabi-gcc -DDEBUG -D__CODE_RED -D__USE_LPCOPEN -DCORE_M3 -D__NEWLIB__ -I"C:\Users\Elppo\Documents\Koulu\2.vuosi_Smart_Systems\3 jakso\ES-project\lpc_chip_15xx\inc" -O0 -g3 -Wall -c -fmessage-length=0 -fno-builtin -ffunction-sections -fdata-sections -mcpu=cortex-m3 -mthumb -D__NEWLIB__ -fstack-usage -MMD -MP -MF"src/i2cs_15xx.d" -MT"src/i2cs_15xx.o" -MT"src/i2cs_15xx.d" -o "src/i2cs_15xx.o" "../src/i2cs_15xx.c"
Finished building: ../src/i2cs_15xx.c
 
Building file: ../src/iap.c
Invoking: MCU C Compiler
arm-none-eabi-gcc -DDEBUG -D__CODE_RED -D__USE_LPCOPEN -DCORE_M3 -D__NEWLIB__ -I"C:\Users\Elppo\Documents\Koulu\2.vuosi_Smart_Systems\3 jakso\ES-project\lpc_chip_15xx\inc" -O0 -g3 -Wall -c -fmessage-length=0 -fno-builtin -ffunction-sections -fdata-sections -mcpu=cortex-m3 -mthumb -D__NEWLIB__ -fstack-usage -MMD -MP -MF"src/iap.d" -MT"src/iap.o" -MT"src/iap.d" -o "src/iap.o" "../src/iap.c"
../src/iap.c: In function 'Chip_IAP_PreSectorForReadWrite':
../src/iap.c:58:12: warning: passing argument 1 of 'iap_entry' from incompatible pointer type [-Wincompatible-pointer-types]
  iap_entry(command, result);
            ^~~~~~~
In file included from C:\Users\Elppo\Documents\Koulu\2.vuosi_Smart_Systems\3 jakso\ES-project\lpc_chip_15xx\inc/chip.h:158,
                 from ../src/iap.c:32:
C:\Users\Elppo\Documents\Koulu\2.vuosi_Smart_Systems\3 jakso\ES-project\lpc_chip_15xx\inc/romapi_15xx.h:102:43: note: expected 'unsigned int *' but argument is of type 'uint32_t *' {aka 'long unsigned int *'}
 static INLINE void iap_entry(unsigned int cmd_param[5], unsigned int status_result[4])
                              ~~~~~~~~~~~~~^~~~~~~~~~~~
../src/iap.c:58:21: warning: passing argument 2 of 'iap_entry' from incompatible pointer type [-Wincompatible-pointer-types]
  iap_entry(command, result);
                     ^~~~~~
In file included from C:\Users\Elppo\Documents\Koulu\2.vuosi_Smart_Systems\3 jakso\ES-project\lpc_chip_15xx\inc/chip.h:158,
                 from ../src/iap.c:32:
C:\Users\Elppo\Documents\Koulu\2.vuosi_Smart_Systems\3 jakso\ES-project\lpc_chip_15xx\inc/romapi_15xx.h:102:70: note: expected 'unsigned int *' but argument is of type 'uint32_t *' {aka 'long unsigned int *'}
 static INLINE void iap_entry(unsigned int cmd_param[5], unsigned int status_result[4])
                                                         ~~~~~~~~~~~~~^~~~~~~~~~~~~~~~
../src/iap.c: In function 'Chip_IAP_CopyRamToFlash':
../src/iap.c:73:12: warning: passing argument 1 of 'iap_entry' from incompatible pointer type [-Wincompatible-pointer-types]
  iap_entry(command, result);
            ^~~~~~~
In file included from C:\Users\Elppo\Documents\Koulu\2.vuosi_Smart_Systems\3 jakso\ES-project\lpc_chip_15xx\inc/chip.h:158,
                 from ../src/iap.c:32:
C:\Users\Elppo\Documents\Koulu\2.vuosi_Smart_Systems\3 jakso\ES-project\lpc_chip_15xx\inc/romapi_15xx.h:102:43: note: expected 'unsigned int *' but argument is of type 'uint32_t *' {aka 'long unsigned int *'}
 static INLINE void iap_entry(unsigned int cmd_param[5], unsigned int status_result[4])
                              ~~~~~~~~~~~~~^~~~~~~~~~~~
../src/iap.c:73:21: warning: passing argument 2 of 'iap_entry' from incompatible pointer type [-Wincompatible-pointer-types]
  iap_entry(command, result);
                     ^~~~~~
In file included from C:\Users\Elppo\Documents\Koulu\2.vuosi_Smart_Systems\3 jakso\ES-project\lpc_chip_15xx\inc/chip.h:158,
                 from ../src/iap.c:32:
C:\Users\Elppo\Documents\Koulu\2.vuosi_Smart_Systems\3 jakso\ES-project\lpc_chip_15xx\inc/romapi_15xx.h:102:70: note: expected 'unsigned int *' but argument is of type 'uint32_t *' {aka 'long unsigned int *'}
 static INLINE void iap_entry(unsigned int cmd_param[5], unsigned int status_result[4])
                                                         ~~~~~~~~~~~~~^~~~~~~~~~~~~~~~
../src/iap.c: In function 'Chip_IAP_EraseSector':
../src/iap.c:87:12: warning: passing argument 1 of 'iap_entry' from incompatible pointer type [-Wincompatible-pointer-types]
  iap_entry(command, result);
            ^~~~~~~
In file included from C:\Users\Elppo\Documents\Koulu\2.vuosi_Smart_Systems\3 jakso\ES-project\lpc_chip_15xx\inc/chip.h:158,
                 from ../src/iap.c:32:
C:\Users\Elppo\Documents\Koulu\2.vuosi_Smart_Systems\3 jakso\ES-project\lpc_chip_15xx\inc/romapi_15xx.h:102:43: note: expected 'unsigned int *' but argument is of type 'uint32_t *' {aka 'long unsigned int *'}
 static INLINE void iap_entry(unsigned int cmd_param[5], unsigned int status_result[4])
                              ~~~~~~~~~~~~~^~~~~~~~~~~~
../src/iap.c:87:21: warning: passing argument 2 of 'iap_entry' from incompatible pointer type [-Wincompatible-pointer-types]
  iap_entry(command, result);
                     ^~~~~~
In file included from C:\Users\Elppo\Documents\Koulu\2.vuosi_Smart_Systems\3 jakso\ES-project\lpc_chip_15xx\inc/chip.h:158,
                 from ../src/iap.c:32:
C:\Users\Elppo\Documents\Koulu\2.vuosi_Smart_Systems\3 jakso\ES-project\lpc_chip_15xx\inc/romapi_15xx.h:102:70: note: expected 'unsigned int *' but argument is of type 'uint32_t *' {aka 'long unsigned int *'}
 static INLINE void iap_entry(unsigned int cmd_param[5], unsigned int status_result[4])
                                                         ~~~~~~~~~~~~~^~~~~~~~~~~~~~~~
../src/iap.c: In function 'Chip_IAP_BlankCheckSector':
../src/iap.c:100:12: warning: passing argument 1 of 'iap_entry' from incompatible pointer type [-Wincompatible-pointer-types]
  iap_entry(command, result);
            ^~~~~~~
In file included from C:\Users\Elppo\Documents\Koulu\2.vuosi_Smart_Systems\3 jakso\ES-project\lpc_chip_15xx\inc/chip.h:158,
                 from ../src/iap.c:32:
C:\Users\Elppo\Documents\Koulu\2.vuosi_Smart_Systems\3 jakso\ES-project\lpc_chip_15xx\inc/romapi_15xx.h:102:43: note: expected 'unsigned int *' but argument is of type 'uint32_t *' {aka 'long unsigned int *'}
 static INLINE void iap_entry(unsigned int cmd_param[5], unsigned int status_result[4])
                              ~~~~~~~~~~~~~^~~~~~~~~~~~
../src/iap.c:100:21: warning: passing argument 2 of 'iap_entry' from incompatible pointer type [-Wincompatible-pointer-types]
  iap_entry(command, result);
                     ^~~~~~
In file included from C:\Users\Elppo\Documents\Koulu\2.vuosi_Smart_Systems\3 jakso\ES-project\lpc_chip_15xx\inc/chip.h:158,
                 from ../src/iap.c:32:
C:\Users\Elppo\Documents\Koulu\2.vuosi_Smart_Systems\3 jakso\ES-project\lpc_chip_15xx\inc/romapi_15xx.h:102:70: note: expected 'unsigned int *' but argument is of type 'uint32_t *' {aka 'long unsigned int *'}
 static INLINE void iap_entry(unsigned int cmd_param[5], unsigned int status_result[4])
                                                         ~~~~~~~~~~~~~^~~~~~~~~~~~~~~~
../src/iap.c: In function 'Chip_IAP_ReadPID':
../src/iap.c:111:12: warning: passing argument 1 of 'iap_entry' from incompatible pointer type [-Wincompatible-pointer-types]
  iap_entry(command, result);
            ^~~~~~~
In file included from C:\Users\Elppo\Documents\Koulu\2.vuosi_Smart_Systems\3 jakso\ES-project\lpc_chip_15xx\inc/chip.h:158,
                 from ../src/iap.c:32:
C:\Users\Elppo\Documents\Koulu\2.vuosi_Smart_Systems\3 jakso\ES-project\lpc_chip_15xx\inc/romapi_15xx.h:102:43: note: expected 'unsigned int *' but argument is of type 'uint32_t *' {aka 'long unsigned int *'}
 static INLINE void iap_entry(unsigned int cmd_param[5], unsigned int status_result[4])
                              ~~~~~~~~~~~~~^~~~~~~~~~~~
../src/iap.c:111:21: warning: passing argument 2 of 'iap_entry' from incompatible pointer type [-Wincompatible-pointer-types]
  iap_entry(command, result);
                     ^~~~~~
In file included from C:\Users\Elppo\Documents\Koulu\2.vuosi_Smart_Systems\3 jakso\ES-project\lpc_chip_15xx\inc/chip.h:158,
                 from ../src/iap.c:32:
C:\Users\Elppo\Documents\Koulu\2.vuosi_Smart_Systems\3 jakso\ES-project\lpc_chip_15xx\inc/romapi_15xx.h:102:70: note: expected 'unsigned int *' but argument is of type 'uint32_t *' {aka 'long unsigned int *'}
 static INLINE void iap_entry(unsigned int cmd_param[5], unsigned int status_result[4])
                                                         ~~~~~~~~~~~~~^~~~~~~~~~~~~~~~
../src/iap.c: In function 'Chip_IAP_ReadBootCode':
../src/iap.c:122:12: warning: passing argument 1 of 'iap_entry' from incompatible pointer type [-Wincompatible-pointer-types]
  iap_entry(command, result);
            ^~~~~~~
In file included from C:\Users\Elppo\Documents\Koulu\2.vuosi_Smart_Systems\3 jakso\ES-project\lpc_chip_15xx\inc/chip.h:158,
                 from ../src/iap.c:32:
C:\Users\Elppo\Documents\Koulu\2.vuosi_Smart_Systems\3 jakso\ES-project\lpc_chip_15xx\inc/romapi_15xx.h:102:43: note: expected 'unsigned int *' but argument is of type 'uint32_t *' {aka 'long unsigned int *'}
 static INLINE void iap_entry(unsigned int cmd_param[5], unsigned int status_result[4])
                              ~~~~~~~~~~~~~^~~~~~~~~~~~
../src/iap.c:122:21: warning: passing argument 2 of 'iap_entry' from incompatible pointer type [-Wincompatible-pointer-types]
  iap_entry(command, result);
                     ^~~~~~
In file included from C:\Users\Elppo\Documents\Koulu\2.vuosi_Smart_Systems\3 jakso\ES-project\lpc_chip_15xx\inc/chip.h:158,
                 from ../src/iap.c:32:
C:\Users\Elppo\Documents\Koulu\2.vuosi_Smart_Systems\3 jakso\ES-project\lpc_chip_15xx\inc/romapi_15xx.h:102:70: note: expected 'unsigned int *' but argument is of type 'uint32_t *' {aka 'long unsigned int *'}
 static INLINE void iap_entry(unsigned int cmd_param[5], unsigned int status_result[4])
                                                         ~~~~~~~~~~~~~^~~~~~~~~~~~~~~~
../src/iap.c: In function 'Chip_IAP_Compare':
../src/iap.c:136:12: warning: passing argument 1 of 'iap_entry' from incompatible pointer type [-Wincompatible-pointer-types]
  iap_entry(command, result);
            ^~~~~~~
In file included from C:\Users\Elppo\Documents\Koulu\2.vuosi_Smart_Systems\3 jakso\ES-project\lpc_chip_15xx\inc/chip.h:158,
                 from ../src/iap.c:32:
C:\Users\Elppo\Documents\Koulu\2.vuosi_Smart_Systems\3 jakso\ES-project\lpc_chip_15xx\inc/romapi_15xx.h:102:43: note: expected 'unsigned int *' but argument is of type 'uint32_t *' {aka 'long unsigned int *'}
 static INLINE void iap_entry(unsigned int cmd_param[5], unsigned int status_result[4])
                              ~~~~~~~~~~~~~^~~~~~~~~~~~
../src/iap.c:136:21: warning: passing argument 2 of 'iap_entry' from incompatible pointer type [-Wincompatible-pointer-types]
  iap_entry(command, result);
                     ^~~~~~
In file included from C:\Users\Elppo\Documents\Koulu\2.vuosi_Smart_Systems\3 jakso\ES-project\lpc_chip_15xx\inc/chip.h:158,
                 from ../src/iap.c:32:
C:\Users\Elppo\Documents\Koulu\2.vuosi_Smart_Systems\3 jakso\ES-project\lpc_chip_15xx\inc/romapi_15xx.h:102:70: note: expected 'unsigned int *' but argument is of type 'uint32_t *' {aka 'long unsigned int *'}
 static INLINE void iap_entry(unsigned int cmd_param[5], unsigned int status_result[4])
                                                         ~~~~~~~~~~~~~^~~~~~~~~~~~~~~~
../src/iap.c: In function 'Chip_IAP_ReinvokeISP':
../src/iap.c:147:12: warning: passing argument 1 of 'iap_entry' from incompatible pointer type [-Wincompatible-pointer-types]
  iap_entry(command, result);
            ^~~~~~~
In file included from C:\Users\Elppo\Documents\Koulu\2.vuosi_Smart_Systems\3 jakso\ES-project\lpc_chip_15xx\inc/chip.h:158,
                 from ../src/iap.c:32:
C:\Users\Elppo\Documents\Koulu\2.vuosi_Smart_Systems\3 jakso\ES-project\lpc_chip_15xx\inc/romapi_15xx.h:102:43: note: expected 'unsigned int *' but argument is of type 'uint32_t *' {aka 'long unsigned int *'}
 static INLINE void iap_entry(unsigned int cmd_param[5], unsigned int status_result[4])
                              ~~~~~~~~~~~~~^~~~~~~~~~~~
../src/iap.c:147:21: warning: passing argument 2 of 'iap_entry' from incompatible pointer type [-Wincompatible-pointer-types]
  iap_entry(command, result);
                     ^~~~~~
In file included from C:\Users\Elppo\Documents\Koulu\2.vuosi_Smart_Systems\3 jakso\ES-project\lpc_chip_15xx\inc/chip.h:158,
                 from ../src/iap.c:32:
C:\Users\Elppo\Documents\Koulu\2.vuosi_Smart_Systems\3 jakso\ES-project\lpc_chip_15xx\inc/romapi_15xx.h:102:70: note: expected 'unsigned int *' but argument is of type 'uint32_t *' {aka 'long unsigned int *'}
 static INLINE void iap_entry(unsigned int cmd_param[5], unsigned int status_result[4])
                                                         ~~~~~~~~~~~~~^~~~~~~~~~~~~~~~
../src/iap.c: In function 'Chip_IAP_ReadUID':
../src/iap.c:159:12: warning: passing argument 1 of 'iap_entry' from incompatible pointer type [-Wincompatible-pointer-types]
  iap_entry(command, result);
            ^~~~~~~
In file included from C:\Users\Elppo\Documents\Koulu\2.vuosi_Smart_Systems\3 jakso\ES-project\lpc_chip_15xx\inc/chip.h:158,
                 from ../src/iap.c:32:
C:\Users\Elppo\Documents\Koulu\2.vuosi_Smart_Systems\3 jakso\ES-project\lpc_chip_15xx\inc/romapi_15xx.h:102:43: note: expected 'unsigned int *' but argument is of type 'uint32_t *' {aka 'long unsigned int *'}
 static INLINE void iap_entry(unsigned int cmd_param[5], unsigned int status_result[4])
                              ~~~~~~~~~~~~~^~~~~~~~~~~~
../src/iap.c:159:21: warning: passing argument 2 of 'iap_entry' from incompatible pointer type [-Wincompatible-pointer-types]
  iap_entry(command, result);
                     ^~~~~~
In file included from C:\Users\Elppo\Documents\Koulu\2.vuosi_Smart_Systems\3 jakso\ES-project\lpc_chip_15xx\inc/chip.h:158,
                 from ../src/iap.c:32:
C:\Users\Elppo\Documents\Koulu\2.vuosi_Smart_Systems\3 jakso\ES-project\lpc_chip_15xx\inc/romapi_15xx.h:102:70: note: expected 'unsigned int *' but argument is of type 'uint32_t *' {aka 'long unsigned int *'}
 static INLINE void iap_entry(unsigned int cmd_param[5], unsigned int status_result[4])
                                                         ~~~~~~~~~~~~~^~~~~~~~~~~~~~~~
../src/iap.c: In function 'Chip_IAP_ErasePage':
../src/iap.c:176:12: warning: passing argument 1 of 'iap_entry' from incompatible pointer type [-Wincompatible-pointer-types]
  iap_entry(command, result);
            ^~~~~~~
In file included from C:\Users\Elppo\Documents\Koulu\2.vuosi_Smart_Systems\3 jakso\ES-project\lpc_chip_15xx\inc/chip.h:158,
                 from ../src/iap.c:32:
C:\Users\Elppo\Documents\Koulu\2.vuosi_Smart_Systems\3 jakso\ES-project\lpc_chip_15xx\inc/romapi_15xx.h:102:43: note: expected 'unsigned int *' but argument is of type 'uint32_t *' {aka 'long unsigned int *'}
 static INLINE void iap_entry(unsigned int cmd_param[5], unsigned int status_result[4])
                              ~~~~~~~~~~~~~^~~~~~~~~~~~
../src/iap.c:176:21: warning: passing argument 2 of 'iap_entry' from incompatible pointer type [-Wincompatible-pointer-types]
  iap_entry(command, result);
                     ^~~~~~
In file included from C:\Users\Elppo\Documents\Koulu\2.vuosi_Smart_Systems\3 jakso\ES-project\lpc_chip_15xx\inc/chip.h:158,
                 from ../src/iap.c:32:
C:\Users\Elppo\Documents\Koulu\2.vuosi_Smart_Systems\3 jakso\ES-project\lpc_chip_15xx\inc/romapi_15xx.h:102:70: note: expected 'unsigned int *' but argument is of type 'uint32_t *' {aka 'long unsigned int *'}
 static INLINE void iap_entry(unsigned int cmd_param[5], unsigned int status_result[4])
                                                         ~~~~~~~~~~~~~^~~~~~~~~~~~~~~~
Finished building: ../src/iap.c
 
Building file: ../src/iocon_15xx.c
Invoking: MCU C Compiler
arm-none-eabi-gcc -DDEBUG -D__CODE_RED -D__USE_LPCOPEN -DCORE_M3 -D__NEWLIB__ -I"C:\Users\Elppo\Documents\Koulu\2.vuosi_Smart_Systems\3 jakso\ES-project\lpc_chip_15xx\inc" -O0 -g3 -Wall -c -fmessage-length=0 -fno-builtin -ffunction-sections -fdata-sections -mcpu=cortex-m3 -mthumb -D__NEWLIB__ -fstack-usage -MMD -MP -MF"src/iocon_15xx.d" -MT"src/iocon_15xx.o" -MT"src/iocon_15xx.d" -o "src/iocon_15xx.o" "../src/iocon_15xx.c"
Finished building: ../src/iocon_15xx.c
 
Building file: ../src/pinint_15xx.c
Invoking: MCU C Compiler
arm-none-eabi-gcc -DDEBUG -D__CODE_RED -D__USE_LPCOPEN -DCORE_M3 -D__NEWLIB__ -I"C:\Users\Elppo\Documents\Koulu\2.vuosi_Smart_Systems\3 jakso\ES-project\lpc_chip_15xx\inc" -O0 -g3 -Wall -c -fmessage-length=0 -fno-builtin -ffunction-sections -fdata-sections -mcpu=cortex-m3 -mthumb -D__NEWLIB__ -fstack-usage -MMD -MP -MF"src/pinint_15xx.d" -MT"src/pinint_15xx.o" -MT"src/pinint_15xx.d" -o "src/pinint_15xx.o" "../src/pinint_15xx.c"
Finished building: ../src/pinint_15xx.c
 
Building file: ../src/pmu_15xx.c
Invoking: MCU C Compiler
arm-none-eabi-gcc -DDEBUG -D__CODE_RED -D__USE_LPCOPEN -DCORE_M3 -D__NEWLIB__ -I"C:\Users\Elppo\Documents\Koulu\2.vuosi_Smart_Systems\3 jakso\ES-project\lpc_chip_15xx\inc" -O0 -g3 -Wall -c -fmessage-length=0 -fno-builtin -ffunction-sections -fdata-sections -mcpu=cortex-m3 -mthumb -D__NEWLIB__ -fstack-usage -MMD -MP -MF"src/pmu_15xx.d" -MT"src/pmu_15xx.o" -MT"src/pmu_15xx.d" -o "src/pmu_15xx.o" "../src/pmu_15xx.c"
Finished building: ../src/pmu_15xx.c
 
Building file: ../src/ring_buffer.c
Invoking: MCU C Compiler
arm-none-eabi-gcc -DDEBUG -D__CODE_RED -D__USE_LPCOPEN -DCORE_M3 -D__NEWLIB__ -I"C:\Users\Elppo\Documents\Koulu\2.vuosi_Smart_Systems\3 jakso\ES-project\lpc_chip_15xx\inc" -O0 -g3 -Wall -c -fmessage-length=0 -fno-builtin -ffunction-sections -fdata-sections -mcpu=cortex-m3 -mthumb -D__NEWLIB__ -fstack-usage -MMD -MP -MF"src/ring_buffer.d" -MT"src/ring_buffer.o" -MT"src/ring_buffer.d" -o "src/ring_buffer.o" "../src/ring_buffer.c"
Finished building: ../src/ring_buffer.c
 
Building file: ../src/ritimer_15xx.c
Invoking: MCU C Compiler
arm-none-eabi-gcc -DDEBUG -D__CODE_RED -D__USE_LPCOPEN -DCORE_M3 -D__NEWLIB__ -I"C:\Users\Elppo\Documents\Koulu\2.vuosi_Smart_Systems\3 jakso\ES-project\lpc_chip_15xx\inc" -O0 -g3 -Wall -c -fmessage-length=0 -fno-builtin -ffunction-sections -fdata-sections -mcpu=cortex-m3 -mthumb -D__NEWLIB__ -fstack-usage -MMD -MP -MF"src/ritimer_15xx.d" -MT"src/ritimer_15xx.o" -MT"src/ritimer_15xx.d" -o "src/ritimer_15xx.o" "../src/ritimer_15xx.c"
Finished building: ../src/ritimer_15xx.c
 
Building file: ../src/rtc_15xx.c
Invoking: MCU C Compiler
arm-none-eabi-gcc -DDEBUG -D__CODE_RED -D__USE_LPCOPEN -DCORE_M3 -D__NEWLIB__ -I"C:\Users\Elppo\Documents\Koulu\2.vuosi_Smart_Systems\3 jakso\ES-project\lpc_chip_15xx\inc" -O0 -g3 -Wall -c -fmessage-length=0 -fno-builtin -ffunction-sections -fdata-sections -mcpu=cortex-m3 -mthumb -D__NEWLIB__ -fstack-usage -MMD -MP -MF"src/rtc_15xx.d" -MT"src/rtc_15xx.o" -MT"src/rtc_15xx.d" -o "src/rtc_15xx.o" "../src/rtc_15xx.c"
Finished building: ../src/rtc_15xx.c
 
Building file: ../src/sct_15xx.c
Invoking: MCU C Compiler
arm-none-eabi-gcc -DDEBUG -D__CODE_RED -D__USE_LPCOPEN -DCORE_M3 -D__NEWLIB__ -I"C:\Users\Elppo\Documents\Koulu\2.vuosi_Smart_Systems\3 jakso\ES-project\lpc_chip_15xx\inc" -O0 -g3 -Wall -c -fmessage-length=0 -fno-builtin -ffunction-sections -fdata-sections -mcpu=cortex-m3 -mthumb -D__NEWLIB__ -fstack-usage -MMD -MP -MF"src/sct_15xx.d" -MT"src/sct_15xx.o" -MT"src/sct_15xx.d" -o "src/sct_15xx.o" "../src/sct_15xx.c"
Finished building: ../src/sct_15xx.c
 
Building file: ../src/sct_pwm_15xx.c
Invoking: MCU C Compiler
arm-none-eabi-gcc -DDEBUG -D__CODE_RED -D__USE_LPCOPEN -DCORE_M3 -D__NEWLIB__ -I"C:\Users\Elppo\Documents\Koulu\2.vuosi_Smart_Systems\3 jakso\ES-project\lpc_chip_15xx\inc" -O0 -g3 -Wall -c -fmessage-length=0 -fno-builtin -ffunction-sections -fdata-sections -mcpu=cortex-m3 -mthumb -D__NEWLIB__ -fstack-usage -MMD -MP -MF"src/sct_pwm_15xx.d" -MT"src/sct_pwm_15xx.o" -MT"src/sct_pwm_15xx.d" -o "src/sct_pwm_15xx.o" "../src/sct_pwm_15xx.c"
Finished building: ../src/sct_pwm_15xx.c
 
Building file: ../src/sctipu_15xx.c
Invoking: MCU C Compiler
arm-none-eabi-gcc -DDEBUG -D__CODE_RED -D__USE_LPCOPEN -DCORE_M3 -D__NEWLIB__ -I"C:\Users\Elppo\Documents\Koulu\2.vuosi_Smart_Systems\3 jakso\ES-project\lpc_chip_15xx\inc" -O0 -g3 -Wall -c -fmessage-length=0 -fno-builtin -ffunction-sections -fdata-sections -mcpu=cortex-m3 -mthumb -D__NEWLIB__ -fstack-usage -MMD -MP -MF"src/sctipu_15xx.d" -MT"src/sctipu_15xx.o" -MT"src/sctipu_15xx.d" -o "src/sctipu_15xx.o" "../src/sctipu_15xx.c"
Finished building: ../src/sctipu_15xx.c
 
Building file: ../src/spi_15xx.c
Invoking: MCU C Compiler
arm-none-eabi-gcc -DDEBUG -D__CODE_RED -D__USE_LPCOPEN -DCORE_M3 -D__NEWLIB__ -I"C:\Users\Elppo\Documents\Koulu\2.vuosi_Smart_Systems\3 jakso\ES-project\lpc_chip_15xx\inc" -O0 -g3 -Wall -c -fmessage-length=0 -fno-builtin -ffunction-sections -fdata-sections -mcpu=cortex-m3 -mthumb -D__NEWLIB__ -fstack-usage -MMD -MP -MF"src/spi_15xx.d" -MT"src/spi_15xx.o" -MT"src/spi_15xx.d" -o "src/spi_15xx.o" "../src/spi_15xx.c"
Finished building: ../src/spi_15xx.c
 
Building file: ../src/stopwatch_15xx.c
Invoking: MCU C Compiler
arm-none-eabi-gcc -DDEBUG -D__CODE_RED -D__USE_LPCOPEN -DCORE_M3 -D__NEWLIB__ -I"C:\Users\Elppo\Documents\Koulu\2.vuosi_Smart_Systems\3 jakso\ES-project\lpc_chip_15xx\inc" -O0 -g3 -Wall -c -fmessage-length=0 -fno-builtin -ffunction-sections -fdata-sections -mcpu=cortex-m3 -mthumb -D__NEWLIB__ -fstack-usage -MMD -MP -MF"src/stopwatch_15xx.d" -MT"src/stopwatch_15xx.o" -MT"src/stopwatch_15xx.d" -o "src/stopwatch_15xx.o" "../src/stopwatch_15xx.c"
Finished building: ../src/stopwatch_15xx.c
 
Building file: ../src/swm_15xx.c
Invoking: MCU C Compiler
arm-none-eabi-gcc -DDEBUG -D__CODE_RED -D__USE_LPCOPEN -DCORE_M3 -D__NEWLIB__ -I"C:\Users\Elppo\Documents\Koulu\2.vuosi_Smart_Systems\3 jakso\ES-project\lpc_chip_15xx\inc" -O0 -g3 -Wall -c -fmessage-length=0 -fno-builtin -ffunction-sections -fdata-sections -mcpu=cortex-m3 -mthumb -D__NEWLIB__ -fstack-usage -MMD -MP -MF"src/swm_15xx.d" -MT"src/swm_15xx.o" -MT"src/swm_15xx.d" -o "src/swm_15xx.o" "../src/swm_15xx.c"
Finished building: ../src/swm_15xx.c
 
Building file: ../src/sysctl_15xx.c
Invoking: MCU C Compiler
arm-none-eabi-gcc -DDEBUG -D__CODE_RED -D__USE_LPCOPEN -DCORE_M3 -D__NEWLIB__ -I"C:\Users\Elppo\Documents\Koulu\2.vuosi_Smart_Systems\3 jakso\ES-project\lpc_chip_15xx\inc" -O0 -g3 -Wall -c -fmessage-length=0 -fno-builtin -ffunction-sections -fdata-sections -mcpu=cortex-m3 -mthumb -D__NEWLIB__ -fstack-usage -MMD -MP -MF"src/sysctl_15xx.d" -MT"src/sysctl_15xx.o" -MT"src/sysctl_15xx.d" -o "src/sysctl_15xx.o" "../src/sysctl_15xx.c"
Finished building: ../src/sysctl_15xx.c
 
Building file: ../src/sysinit_15xx.c
Invoking: MCU C Compiler
arm-none-eabi-gcc -DDEBUG -D__CODE_RED -D__USE_LPCOPEN -DCORE_M3 -D__NEWLIB__ -I"C:\Users\Elppo\Documents\Koulu\2.vuosi_Smart_Systems\3 jakso\ES-project\lpc_chip_15xx\inc" -O0 -g3 -Wall -c -fmessage-length=0 -fno-builtin -ffunction-sections -fdata-sections -mcpu=cortex-m3 -mthumb -D__NEWLIB__ -fstack-usage -MMD -MP -MF"src/sysinit_15xx.d" -MT"src/sysinit_15xx.o" -MT"src/sysinit_15xx.d" -o "src/sysinit_15xx.o" "../src/sysinit_15xx.c"
../src/sysinit_15xx.c: In function 'Chip_SetupIrcClocking':
../src/sysinit_15xx.c:53:15: warning: unused variable 'i' [-Wunused-variable]
  volatile int i;
               ^
Finished building: ../src/sysinit_15xx.c
 
Building file: ../src/uart_15xx.c
Invoking: MCU C Compiler
arm-none-eabi-gcc -DDEBUG -D__CODE_RED -D__USE_LPCOPEN -DCORE_M3 -D__NEWLIB__ -I"C:\Users\Elppo\Documents\Koulu\2.vuosi_Smart_Systems\3 jakso\ES-project\lpc_chip_15xx\inc" -O0 -g3 -Wall -c -fmessage-length=0 -fno-builtin -ffunction-sections -fdata-sections -mcpu=cortex-m3 -mthumb -D__NEWLIB__ -fstack-usage -MMD -MP -MF"src/uart_15xx.d" -MT"src/uart_15xx.o" -MT"src/uart_15xx.d" -o "src/uart_15xx.o" "../src/uart_15xx.c"
Finished building: ../src/uart_15xx.c
 
Building file: ../src/wwdt_15xx.c
Invoking: MCU C Compiler
arm-none-eabi-gcc -DDEBUG -D__CODE_RED -D__USE_LPCOPEN -DCORE_M3 -D__NEWLIB__ -I"C:\Users\Elppo\Documents\Koulu\2.vuosi_Smart_Systems\3 jakso\ES-project\lpc_chip_15xx\inc" -O0 -g3 -Wall -c -fmessage-length=0 -fno-builtin -ffunction-sections -fdata-sections -mcpu=cortex-m3 -mthumb -D__NEWLIB__ -fstack-usage -MMD -MP -MF"src/wwdt_15xx.d" -MT"src/wwdt_15xx.o" -MT"src/wwdt_15xx.d" -o "src/wwdt_15xx.o" "../src/wwdt_15xx.c"
Finished building: ../src/wwdt_15xx.c
 
Building target: liblpc_chip_15xx.a
Invoking: MCU Archiver
arm-none-eabi-ar -r  "liblpc_chip_15xx.a"  ./src/acmp_15xx.o ./src/adc_15xx.o ./src/chip_15xx.o ./src/clock_15xx.o ./src/crc_15xx.o ./src/dac_15xx.o ./src/dma_15xx.o ./src/eeprom.o ./src/gpio_15xx.o ./src/i2c_common_15xx.o ./src/i2cm_15xx.o ./src/i2cs_15xx.o ./src/iap.o ./src/iocon_15xx.o ./src/pinint_15xx.o ./src/pmu_15xx.o ./src/ring_buffer.o ./src/ritimer_15xx.o ./src/rtc_15xx.o ./src/sct_15xx.o ./src/sct_pwm_15xx.o ./src/sctipu_15xx.o ./src/spi_15xx.o ./src/stopwatch_15xx.o ./src/swm_15xx.o ./src/sysctl_15xx.o ./src/sysinit_15xx.o ./src/uart_15xx.o ./src/wwdt_15xx.o   
arm-none-eabi-ar: creating liblpc_chip_15xx.a
Finished building target: liblpc_chip_15xx.a
 
C:/nxp/MCUXpressoIDE_11.0.0_2516/ide/plugins/com.nxp.mcuxpresso.tools.win32_11.0.0.201905131304/buildtools/bin/make --no-print-directory post-build
Performing post-build steps
arm-none-eabi-size "liblpc_chip_15xx.a" ; # arm-none-eabi-objdump -h -S "liblpc_chip_15xx.a" >"liblpc_chip_15xx.lss"
   text	   data	    bss	    dec	    hex	filename
    610	      0	      0	    610	    262	acmp_15xx.o (ex liblpc_chip_15xx.a)
    790	      0	      0	    790	    316	adc_15xx.o (ex liblpc_chip_15xx.a)
    298	      0	      0	    298	    12a	chip_15xx.o (ex liblpc_chip_15xx.a)
   1678	      0	      0	   1678	    68e	clock_15xx.o (ex liblpc_chip_15xx.a)
    494	      0	      0	    494	    1ee	crc_15xx.o (ex liblpc_chip_15xx.a)
     60	      0	      0	     60	     3c	dac_15xx.o (ex liblpc_chip_15xx.a)
    294	      0	      0	    294	    126	dma_15xx.o (ex liblpc_chip_15xx.a)
    192	      0	      0	    192	     c0	eeprom.o (ex liblpc_chip_15xx.a)
    684	      0	      0	    684	    2ac	gpio_15xx.o (ex liblpc_chip_15xx.a)
     84	      0	      0	     84	     54	i2c_common_15xx.o (ex liblpc_chip_15xx.a)
    864	      0	      0	    864	    360	i2cm_15xx.o (ex liblpc_chip_15xx.a)
    444	      0	      0	    444	    1bc	i2cs_15xx.o (ex liblpc_chip_15xx.a)
    600	      0	      0	    600	    258	iap.o (ex liblpc_chip_15xx.a)
    122	      0	      0	    122	     7a	iocon_15xx.o (ex liblpc_chip_15xx.a)
      0	      0	      0	      0	      0	pinint_15xx.o (ex liblpc_chip_15xx.a)
    288	      0	      0	    288	    120	pmu_15xx.o (ex liblpc_chip_15xx.a)
    962	      0	      0	    962	    3c2	ring_buffer.o (ex liblpc_chip_15xx.a)
    666	      0	      0	    666	    29a	ritimer_15xx.o (ex liblpc_chip_15xx.a)
      0	      0	      0	      0	      0	rtc_15xx.o (ex liblpc_chip_15xx.a)
    318	      0	      0	    318	    13e	sct_15xx.o (ex liblpc_chip_15xx.a)
    412	      0	      0	    412	    19c	sct_pwm_15xx.o (ex liblpc_chip_15xx.a)
    140	      0	      0	    140	     8c	sctipu_15xx.o (ex liblpc_chip_15xx.a)
   1766	      0	      0	   1766	    6e6	spi_15xx.o (ex liblpc_chip_15xx.a)
    328	      0	     12	    340	    154	stopwatch_15xx.o (ex liblpc_chip_15xx.a)
    356	      0	      0	    356	    164	swm_15xx.o (ex liblpc_chip_15xx.a)
    454	      0	      0	    454	    1c6	sysctl_15xx.o (ex liblpc_chip_15xx.a)
    420	      0	      0	    420	    1a4	sysinit_15xx.o (ex liblpc_chip_15xx.a)
   1114	      0	      0	   1114	    45a	uart_15xx.o (ex liblpc_chip_15xx.a)
    114	      0	      0	    114	     72	wwdt_15xx.o (ex liblpc_chip_15xx.a)
 
14:21:38 **** Clean-only build of configuration Debug for project ESPProject ****
make -r -j4 clean 
rm -rf  ./src/ESPProject.o ./src/cr_cpp_config.o ./src/cr_startup_lpc15xx.o ./src/crp.o ./src/sysinit.o  ./src/ESPProject.d ./src/cr_cpp_config.d ./src/cr_startup_lpc15xx.d  ./src/crp.d ./src/sysinit.d  ESPProject.axf
 
14:21:40 **** Build of configuration Debug for project ESPProject ****
make -r -j4 all 
Building file: ../src/ESPProject.cpp
Building file: ../src/I2C.cpp
Building file: ../src/I2Cpressuresensor.cpp
Building file: ../src/DigitalIoPin.cpp
Invoking: MCU C++ Compiler
Invoking: MCU C++ Compiler
Invoking: MCU C++ Compiler
Invoking: MCU C++ Compiler
arm-none-eabi-c++ -DDEBUG -D__CODE_RED -D__NEWLIB__ -DCORE_M3 -D__USE_LPCOPEN -DCPP_USE_HEAP -D__LPC15XX__ -I"C:\Users\Elppo\Documents\Koulu\2.vuosi_Smart_Systems\3 jakso\ES-project\lpc_board_nxp_lpcxpresso_1549\inc" -I"C:\Users\Elppo\Documents\Koulu\2.vuosi_Smart_Systems\3 jakso\ES-project\lpc_chip_15xx\inc" -O0 -fno-common -g3 -Wall -c -fmessage-length=0 -fno-builtin -ffunction-sections -fdata-sections -fno-rtti -fno-exceptions -mcpu=cortex-m3 -mthumb -fstack-usage -MMD -MP -MF"src/DigitalIoPin.d" -MT"src/DigitalIoPin.o" -MT"src/DigitalIoPin.d" -o "src/DigitalIoPin.o" "../src/DigitalIoPin.cpp"
arm-none-eabi-c++ -std=c++11 -DDEBUG -D__CODE_RED -D__NEWLIB__ -DCORE_M3 -D__USE_LPCOPEN -DCPP_USE_HEAP -D__LPC15XX__ -I"C:\Users\Elppo\Documents\Koulu\2.vuosi_Smart_Systems\3 jakso\ES-project\lpc_board_nxp_lpcxpresso_1549\inc" -I"C:\Users\Elppo\Documents\Koulu\2.vuosi_Smart_Systems\3 jakso\ES-project\lpc_chip_15xx\inc" -O0 -fno-common -g3 -Wall -c -fmessage-length=0 -fno-builtin -ffunction-sections -fdata-sections -fno-rtti -fno-exceptions -mcpu=cortex-m3 -mthumb -fstack-usage -MMD -MP -MF"src/ESPProject.d" -MT"src/ESPProject.d" -o "src/ESPProject.o" "../src/ESPProject.cpp"
arm-none-eabi-c++ -DDEBUG -D__CODE_RED -D__NEWLIB__ -DCORE_M3 -D__USE_LPCOPEN -DCPP_USE_HEAP -D__LPC15XX__ -I"C:\Users\Elppo\Documents\Koulu\2.vuosi_Smart_Systems\3 jakso\ES-project\lpc_board_nxp_lpcxpresso_1549\inc" -I"C:\Users\Elppo\Documents\Koulu\2.vuosi_Smart_Systems\3 jakso\ES-project\lpc_chip_15xx\inc" -O0 -fno-common -g3 -Wall -c -fmessage-length=0 -fno-builtin -ffunction-sections -fdata-sections -fno-rtti -fno-exceptions -mcpu=cortex-m3 -mthumb -fstack-usage -MMD -MP -MF"src/I2C.d" -MT"src/I2C.o" -MT"src/I2C.d" -o "src/I2C.o" "../src/I2C.cpp"
arm-none-eabi-c++ -DDEBUG -D__CODE_RED -D__NEWLIB__ -DCORE_M3 -D__USE_LPCOPEN -DCPP_USE_HEAP -D__LPC15XX__ -I"C:\Users\Elppo\Documents\Koulu\2.vuosi_Smart_Systems\3 jakso\ES-project\lpc_board_nxp_lpcxpresso_1549\inc" -I"C:\Users\Elppo\Documents\Koulu\2.vuosi_Smart_Systems\3 jakso\ES-project\lpc_chip_15xx\inc" -O0 -fno-common -g3 -Wall -c -fmessage-length=0 -fno-builtin -ffunction-sections -fdata-sections -fno-rtti -fno-exceptions -mcpu=cortex-m3 -mthumb -fstack-usage -MMD -MP -MF"src/I2Cpressuresensor.d" -MT"src/I2Cpressuresensor.o" -MT"src/I2Cpressuresensor.d" -o "src/I2Cpressuresensor.o" "../src/I2Cpressuresensor.cpp"
../src/I2Cpressuresensor.cpp: In function 'void setupI2CMaster()':
../src/I2Cpressuresensor.cpp:24:15: error: 'LPC_I2C0' was not declared in this scope
 Chip_I2C_Init(LPC_I2C0);
               ^~~~~~~~
../src/I2Cpressuresensor.cpp:24:1: error: 'Chip_I2C_Init' was not declared in this scope
 Chip_I2C_Init(LPC_I2C0);
 ^~~~~~~~~~~~~
../src/I2Cpressuresensor.cpp:27:32: error: 'I2C_CLK_DIVIDER' was not declared in this scope
 Chip_I2C_SetClockDiv(LPC_I2C0, I2C_CLK_DIVIDER);
                                ^~~~~~~~~~~~~~~
../src/I2Cpressuresensor.cpp:27:1: error: 'Chip_I2C_SetClockDiv' was not declared in this scope
 Chip_I2C_SetClockDiv(LPC_I2C0, I2C_CLK_DIVIDER);
 ^~~~~~~~~~~~~~~~~~~~
../src/I2Cpressuresensor.cpp:30:33: error: 'I2C_BITRATE' was not declared in this scope
 Chip_I2CM_SetBusSpeed(LPC_I2C0, I2C_BITRATE);
                                 ^~~~~~~~~~~
../src/I2Cpressuresensor.cpp:30:1: error: 'Chip_I2CM_SetBusSpeed' was not declared in this scope
 Chip_I2CM_SetBusSpeed(LPC_I2C0, I2C_BITRATE);
 ^~~~~~~~~~~~~~~~~~~~~
../src/I2Cpressuresensor.cpp:33:1: error: 'Chip_I2CM_Enable' was not declared in this scope
 Chip_I2CM_Enable(LPC_I2C0);
 ^~~~~~~~~~~~~~~~
../src/I2Cpressuresensor.cpp: At global scope:
../src/I2Cpressuresensor.cpp:36:36: error: variable or field 'SetupXferRecAndExecute' declared void
 static void SetupXferRecAndExecute(uint8_t devAddr,
                                    ^~~~~~~
../src/I2Cpressuresensor.cpp:36:36: error: 'uint8_t' was not declared in this scope
../src/I2Cpressuresensor.cpp:37:4: error: 'uint8_t' was not declared in this scope
    uint8_t *txBuffPtr,
    ^~~~~~~
../src/I2Cpressuresensor.cpp:37:13: error: 'txBuffPtr' was not declared in this scope
    uint8_t *txBuffPtr,
             ^~~~~~~~~
../src/I2Cpressuresensor.cpp:38:4: error: 'uint16_t' was not declared in this scope
    uint16_t txSize,
    ^~~~~~~~
../src/I2Cpressuresensor.cpp:38:4: note: suggested alternative: 'char16_t'
    uint16_t txSize,
    ^~~~~~~~
    char16_t
../src/I2Cpressuresensor.cpp:39:4: error: 'uint8_t' was not declared in this scope
    uint8_t *rxBuffPtr,
    ^~~~~~~
../src/I2Cpressuresensor.cpp:39:13: error: 'rxBuffPtr' was not declared in this scope
    uint8_t *rxBuffPtr,
             ^~~~~~~~~
../src/I2Cpressuresensor.cpp:40:4: error: 'uint16_t' was not declared in this scope
    uint16_t rxSize)
    ^~~~~~~~
../src/I2Cpressuresensor.cpp:40:4: note: suggested alternative: 'char16_t'
    uint16_t rxSize)
    ^~~~~~~~
    char16_t
../src/I2Cpressuresensor.cpp:52:1: error: 'uint8_t' does not name a type
 uint8_t readStatus() {
 ^~~~~~~
../src/I2Cpressuresensor.cpp:59:27: error: variable or field 'changeStatus' declared void
 void changeStatus(uint8_t const &status) {
                           ^~~~~
../src/I2Cpressuresensor.cpp:59:19: error: 'uint8_t' was not declared in this scope
 void changeStatus(uint8_t const &status) {
                   ^~~~~~~
../src/I2Cpressuresensor.cpp:66:24: error: 'uint8_t' was not declared in this scope
 bool getModeFromStatus(uint8_t status) {
                        ^~~~~~~
../src/I2Cpressuresensor.cpp:70:29: error: 'uint8_t' was not declared in this scope
 bool getDataReadyFromStatus(uint8_t status) {
                             ^~~~~~~
../src/I2Cpressuresensor.cpp:74:25: error: variable or field 'readNewTemperature' declared void
 void readNewTemperature(uint8_t &temperature) {
                         ^~~~~~~
../src/I2Cpressuresensor.cpp:74:25: error: 'uint8_t' was not declared in this scope
../src/I2Cpressuresensor.cpp:74:34: error: 'temperature' was not declared in this scope
 void readNewTemperature(uint8_t &temperature) {
                                  ^~~~~~~~~~~
../src/ESPProject.cpp:25:22: error: 'atomic_int' in namespace 'std' does not name a type
 static volatile std::atomic_int counter;
                      ^~~~~~~~~~
../src/ESPProject.cpp: In function 'void SysTick_Handler()':
../src/ESPProject.cpp:53:4: error: 'counter' was not declared in this scope
 if(counter > 0) counter--;
    ^~~~~~~
../src/ESPProject.cpp:53:4: note: suggested alternative: 'constexpr'
 if(counter > 0) counter--;
    ^~~~~~~
    constexpr
../src/ESPProject.cpp: In function 'void Sleep(int)':
../src/ESPProject.cpp:67:1: error: 'counter' was not declared in this scope
 counter = ms;
 ^~~~~~~
../src/ESPProject.cpp:67:1: note: suggested alternative: 'constexpr'
 counter = ms;
 ^~~~~~~
 constexpr
../src/ESPProject.cpp: At global scope:
../src/ESPProject.cpp:29:21: warning: 'i2cmXferRec' defined but not used [-Wunused-variable]
 static I2CM_XFER_T  i2cmXferRec;
                     ^~~~~~~~~~~
make: *** [src/subdir.mk:72: src/I2Cpressuresensor.o] Error 1
make: *** Waiting for unfinished jobs....
make: *** [src/subdir.mk:79: src/ESPProject.o] Error 1
Finished building: ../src/I2C.cpp
 
Finished building: ../src/DigitalIoPin.cpp
 
"make -r -j4 all" terminated with exit code 2. Build might be incomplete.
14:21:59 **** Incremental Build of configuration Debug for project lpc_board_nxp_lpcxpresso_1549 ****
make -r all 
make: Nothing to be done for 'all'.
14:21:59 **** Incremental Build of configuration Debug for project lpc_chip_15xx ****
make -r all 
make: Nothing to be done for 'all'.
14:22:00 **** Clean-only build of configuration Debug for project ESPProject ****
make -r -j4 clean 
[...]
 void I2C_pressure_sensor::readNewTemperature(uint8_t &temperature) {
      ^~~~~~~~~~~~~~~~~~~
In file included from ../src/I2Cpressuresensor.cpp:8:
../src/I2Cpressuresensor.h:23:7: note: candidate is: 'void I2C_pressure_sensor::readNewTemperature(int&)'
  void readNewTemperature(uint8_t &temperature);
       ^~~~~~~~~~~~~~~~~~
../src/I2Cpressuresensor.h:11:7: note: 'class I2C_pressure_sensor' defined here
 class I2C_pressure_sensor {
       ^~~~~~~~~~~~~~~~~~~
../src/I2Cpressuresensor.cpp: In member function 'void I2C_pressure_sensor::ReadTemperatureI2CM()':
../src/I2Cpressuresensor.cpp:115:29: error: 'readStatus' was not declared in this scope
  if (getDataReadyFromStatus(readStatus())) { /*if status (6th bit) is 1 */
                             ^~~~~~~~~~
../src/I2Cpressuresensor.cpp:115:29: note: suggested alternative: 'FlagStatus'
  if (getDataReadyFromStatus(readStatus())) { /*if status (6th bit) is 1 */
                             ^~~~~~~~~~
                             FlagStatus
../src/I2Cpressuresensor.cpp:117:22: error: cannot bind non-const lvalue reference of type 'int&' to an rvalue of type 'int'
   readNewTemperature(temperature);
                      ^~~~~~~~~~~
In file included from ../src/I2Cpressuresensor.cpp:8:
../src/I2Cpressuresensor.h:23:7: note:   initializing argument 1 of 'void I2C_pressure_sensor::readNewTemperature(int&)'
  void readNewTemperature(uint8_t &temperature);
       ^~~~~~~~~~~~~~~~~~
make: *** [src/subdir.mk:69: src/I2Cpressuresensor.o] Error 1
make: *** Waiting for unfinished jobs....
Finished building: ../src/ESPProject.cpp
 
"make -r -j4 all" terminated with exit code 2. Build might be incomplete.
14:32:24 **** Incremental Build of configuration Debug for project lpc_board_nxp_lpcxpresso_1549 ****
make -r all 
make: Nothing to be done for 'all'.
14:32:24 **** Incremental Build of configuration Debug for project lpc_chip_15xx ****
make -r all 
make: Nothing to be done for 'all'.
14:32:25 **** Incremental Build of configuration Debug for project ESPProject ****
make -r -j4 all 
Building file: ../src/I2Cpressuresensor.cpp
Invoking: MCU C++ Compiler
arm-none-eabi-c++ -DDEBUG -D__CODE_RED -D__NEWLIB__ -DCORE_M3 -D__USE_LPCOPEN -DCPP_USE_HEAP -D__LPC15XX__ -I"C:\Users\Elppo\Documents\Koulu\2.vuosi_Smart_Systems\3 jakso\ES-project\lpc_board_nxp_lpcxpresso_1549\inc" -I"C:\Users\Elppo\Documents\Koulu\2.vuosi_Smart_Systems\3 jakso\ES-project\lpc_chip_15xx\inc" -O0 -fno-common -g3 -Wall -c -fmessage-length=0 -fno-builtin -ffunction-sections -fdata-sections -fno-rtti -fno-exceptions -mcpu=cortex-m3 -mthumb -fstack-usage -MMD -MP -MF"src/I2Cpressuresensor.d" -MT"src/I2Cpressuresensor.o" -MT"src/I2Cpressuresensor.d" -o "src/I2Cpressuresensor.o" "../src/I2Cpressuresensor.cpp"
In file included from ../src/I2Cpressuresensor.cpp:8:
../src/I2Cpressuresensor.h:20:10: error: extra qualification 'I2C_pressure_sensor::' on member 'readStatus' [-fpermissive]
  uint8_t I2C_pressure_sensor::readStatus();
          ^~~~~~~~~~~~~~~~~~~
make: *** [src/subdir.mk:69: src/I2Cpressuresensor.o] Error 1
"make -r -j4 all" terminated with exit code 2. Build might be incomplete.
14:32:54 **** Incremental Build of configuration Debug for project lpc_board_nxp_lpcxpresso_1549 ****
make -r all 
make: Nothing to be done for 'all'.
14:32:55 **** Incremental Build of configuration Debug for project lpc_chip_15xx ****
make -r all 
make: Nothing to be done for 'all'.
14:32:55 **** Incremental Build of configuration Debug for project ESPProject ****
make -r -j4 all 
Building file: ../src/I2Cpressuresensor.cpp
Invoking: MCU C++ Compiler
arm-none-eabi-c++ -DDEBUG -D__CODE_RED -D__NEWLIB__ -DCORE_M3 -D__USE_LPCOPEN -DCPP_USE_HEAP -D__LPC15XX__ -I"C:\Users\Elppo\Documents\Koulu\2.vuosi_Smart_Systems\3 jakso\ES-project\lpc_board_nxp_lpcxpresso_1549\inc" -I"C:\Users\Elppo\Documents\Koulu\2.vuosi_Smart_Systems\3 jakso\ES-project\lpc_chip_15xx\inc" -O0 -fno-common -g3 -Wall -c -fmessage-length=0 -fno-builtin -ffunction-sections -fdata-sections -fno-rtti -fno-exceptions -mcpu=cortex-m3 -mthumb -fstack-usage -MMD -MP -MF"src/I2Cpressuresensor.d" -MT"src/I2Cpressuresensor.o" -MT"src/I2Cpressuresensor.d" -o "src/I2Cpressuresensor.o" "../src/I2Cpressuresensor.cpp"
Finished building: ../src/I2Cpressuresensor.cpp
 
Building target: ESPProject.axf
Invoking: MCU C++ Linker
arm-none-eabi-c++ -nostdlib -L"C:\Users\Elppo\Documents\Koulu\2.vuosi_Smart_Systems\3 jakso\ES-project\lpc_board_nxp_lpcxpresso_1549\Debug" -L"C:\Users\Elppo\Documents\Koulu\2.vuosi_Smart_Systems\3 jakso\ES-project\lpc_chip_15xx\Debug" -Xlinker -Map="ESPProject.map" -Xlinker --cref -Xlinker --gc-sections -Xlinker -print-memory-usage -mcpu=cortex-m3 -mthumb -T "ESPProject_Debug.ld" -o "ESPProject.axf"  ./src/DigitalIoPin.o ./src/ESPProject.o ./src/I2C.o ./src/I2Cpressuresensor.o ./src/ITM_output.o ./src/ITM_write.o ./src/LiquidCrystal.o ./src/LpcUart.o ./src/ModbusMaster.o ./src/ModbusRegister.o ./src/SerialPort.o ./src/cr_cpp_config.o ./src/cr_startup_lpc15xx.o ./src/crp.o ./src/retarget_itm.o ./src/sysinit.o   -llpc_board_nxp_lpcxpresso_1549 -llpc_chip_15xx
Memory region         Used Size  Region Size  %age Used
       MFlash256:       10624 B       256 KB      4.05%
      Ram0_16_32:        2276 B        32 KB      6.95%
c:/nxp/mcuxpressoide_11.0.0_2516/ide/plugins/com.nxp.mcuxpresso.tools.win32_11.0.0.201905131304/tools/bin/../lib/gcc/arm-none-eabi/8.2.1/../../../../arm-none-eabi/bin/ld.exe: C:\Users\Elppo\Documents\Koulu\2.vuosi_Smart_Systems\3 jakso\ES-project\lpc_board_nxp_lpcxpresso_1549\Debug\liblpc_board_nxp_lpcxpresso_1549.a(board.o): in function `_write':
C:\Users\Elppo\Documents\Koulu\2.vuosi_Smart_Systems\3 jakso\ES-project\lpc_board_nxp_lpcxpresso_1549\Debug/../src/retarget.h:229: multiple definition of `_write'; ./src/retarget_itm.o:C:\Users\Elppo\Documents\Koulu\2.vuosi_Smart_Systems\3 jakso\ES-project\ESPProject\Debug/../src/retarget_itm.c:78: first defined here
          Ram2_4:          0 GB         4 KB      0.00%
c:/nxp/mcuxpressoide_11.0.0_2516/ide/plugins/com.nxp.mcuxpresso.tools.win32_11.0.0.201905131304/tools/bin/../lib/gcc/arm-none-eabi/8.2.1/../../../../arm-none-eabi/bin/ld.exe: C:\Users\Elppo\Documents\Koulu\2.vuosi_Smart_Systems\3 jakso\ES-project\lpc_board_nxp_lpcxpresso_1549\Debug\liblpc_board_nxp_lpcxpresso_1549.a(board.o): in function `_read':
C:\Users\Elppo\Documents\Koulu\2.vuosi_Smart_Systems\3 jakso\ES-project\lpc_board_nxp_lpcxpresso_1549\Debug/../src/retarget.h:263: multiple definition of `_read'; ./src/retarget_itm.o:C:\Users\Elppo\Documents\Koulu\2.vuosi_Smart_Systems\3 jakso\ES-project\ESPProject\Debug/../src/retarget_itm.c:146: first defined here
collect2.exe: error: ld returned 1 exit status
make: *** [makefile:47: ESPProject.axf] Error 1
"make -r -j4 all" terminated with exit code 2. Build might be incomplete.
14:33:27 **** Incremental Build of configuration Debug for project lpc_board_nxp_lpcxpresso_1549 ****
make -r all 
make: Nothing to be done for 'all'.
14:33:27 **** Incremental Build of configuration Debug for project lpc_chip_15xx ****
make -r all 
make: Nothing to be done for 'all'.
14:33:27 **** Clean-only build of configuration Debug for project ESPProject ****
make -r -j4 clean 
rm -rf  ./src/DigitalIoPin.o ./src/ESPProject.o ./src/I2C.o ./src/I2Cpressuresensor.o ./src/ITM_output.o ./src/ITM_write.o ./src/LiquidCrystal.o ./src/LpcUart.o ./src/ModbusMaster.o ./src/ModbusRegister.o ./src/SerialPort.o ./src/cr_cpp_config.o ./src/cr_startup_lpc15xx.o ./src/crp.o ./src/retarget_itm.o ./src/sysinit.o  ./src/DigitalIoPin.d ./src/ESPProject.d ./src/I2C.d ./src/I2Cpressuresensor.d ./src/ITM_output.d ./src/LiquidCrystal.d ./src/LpcUart.d ./src/ModbusMaster.d ./src/ModbusRegister.d ./src/SerialPort.d ./src/cr_cpp_config.d ./src/cr_startup_lpc15xx.d  ./src/ITM_write.d ./src/crp.d ./src/retarget_itm.d ./src/sysinit.d  ESPProject.axf
 
14:33:28 **** Incremental Build of configuration Debug for project ESPProject ****
make -r -j4 all 
Building file: ../src/ESPProject.cpp
Building file: ../src/DigitalIoPin.cpp
Building file: ../src/I2C.cpp
Building file: ../src/I2Cpressuresensor.cpp
Invoking: MCU C++ Compiler
Invoking: MCU C++ Compiler
Invoking: MCU C++ Compiler
Invoking: MCU C++ Compiler
arm-none-eabi-c++ -std=c++11 -DDEBUG -D__CODE_RED -D__NEWLIB__ -DCORE_M3 -D__USE_LPCOPEN -DCPP_USE_HEAP -D__LPC15XX__ -I"C:\Users\Elppo\Documents\Koulu\2.vuosi_Smart_Systems\3 jakso\ES-project\lpc_board_nxp_lpcxpresso_1549\inc" -I"C:\Users\Elppo\Documents\Koulu\2.vuosi_Smart_Systems\3 jakso\ES-project\lpc_chip_15xx\inc" -O0 -fno-common -g3 -Wall -c -fmessage-length=0 -fno-builtin -ffunction-sections -fdata-sections -fno-rtti -fno-exceptions -mcpu=cortex-m3 -mthumb -fstack-usage -MMD -MP -MF"src/ESPProject.d" -MT"src/ESPProject.d" -o "src/ESPProject.o" "../src/ESPProject.cpp"
arm-none-eabi-c++ -DDEBUG -D__CODE_RED -D__NEWLIB__ -DCORE_M3 -D__USE_LPCOPEN -DCPP_USE_HEAP -D__LPC15XX__ -I"C:\Users\Elppo\Documents\Koulu\2.vuosi_Smart_Systems\3 jakso\ES-project\lpc_board_nxp_lpcxpresso_1549\inc" -I"C:\Users\Elppo\Documents\Koulu\2.vuosi_Smart_Systems\3 jakso\ES-project\lpc_chip_15xx\inc" -O0 -fno-common -g3 -Wall -c -fmessage-length=0 -fno-builtin -ffunction-sections -fdata-sections -fno-rtti -fno-exceptions -mcpu=cortex-m3 -mthumb -fstack-usage -MMD -MP -MF"src/DigitalIoPin.d" -MT"src/DigitalIoPin.o" -MT"src/DigitalIoPin.d" -o "src/DigitalIoPin.o" "../src/DigitalIoPin.cpp"
arm-none-eabi-c++ -DDEBUG -D__CODE_RED -D__NEWLIB__ -DCORE_M3 -D__USE_LPCOPEN -DCPP_USE_HEAP -D__LPC15XX__ -I"C:\Users\Elppo\Documents\Koulu\2.vuosi_Smart_Systems\3 jakso\ES-project\lpc_board_nxp_lpcxpresso_1549\inc" -I"C:\Users\Elppo\Documents\Koulu\2.vuosi_Smart_Systems\3 jakso\ES-project\lpc_chip_15xx\inc" -O0 -fno-common -g3 -Wall -c -fmessage-length=0 -fno-builtin -ffunction-sections -fdata-sections -fno-rtti -fno-exceptions -mcpu=cortex-m3 -mthumb -fstack-usage -MMD -MP -MF"src/I2Cpressuresensor.d" -MT"src/I2Cpressuresensor.o" -MT"src/I2Cpressuresensor.d" -o "src/I2Cpressuresensor.o" "../src/I2Cpressuresensor.cpp"
arm-none-eabi-c++ -DDEBUG -D__CODE_RED -D__NEWLIB__ -DCORE_M3 -D__USE_LPCOPEN -DCPP_USE_HEAP -D__LPC15XX__ -I"C:\Users\Elppo\Documents\Koulu\2.vuosi_Smart_Systems\3 jakso\ES-project\lpc_board_nxp_lpcxpresso_1549\inc" -I"C:\Users\Elppo\Documents\Koulu\2.vuosi_Smart_Systems\3 jakso\ES-project\lpc_chip_15xx\inc" -O0 -fno-common -g3 -Wall -c -fmessage-length=0 -fno-builtin -ffunction-sections -fdata-sections -fno-rtti -fno-exceptions -mcpu=cortex-m3 -mthumb -fstack-usage -MMD -MP -MF"src/I2C.d" -MT"src/I2C.o" -MT"src/I2C.d" -o "src/I2C.o" "../src/I2C.cpp"
Finished building: ../src/I2C.cpp
Finished building: ../src/DigitalIoPin.cpp
 
 
Building file: ../src/ITM_write.c
Building file: ../src/ITM_output.cpp
Invoking: MCU C++ Compiler
Invoking: MCU C Compiler
arm-none-eabi-c++ -DDEBUG -D__CODE_RED -D__NEWLIB__ -DCORE_M3 -D__USE_LPCOPEN -DCPP_USE_HEAP -D__LPC15XX__ -I"C:\Users\Elppo\Documents\Koulu\2.vuosi_Smart_Systems\3 jakso\ES-project\lpc_board_nxp_lpcxpresso_1549\inc" -I"C:\Users\Elppo\Documents\Koulu\2.vuosi_Smart_Systems\3 jakso\ES-project\lpc_chip_15xx\inc" -O0 -fno-common -g3 -Wall -c -fmessage-length=0 -fno-builtin -ffunction-sections -fdata-sections -fno-rtti -fno-exceptions -mcpu=cortex-m3 -mthumb -fstack-usage -MMD -MP -MF"src/ITM_output.d" -MT"src/ITM_output.o" -MT"src/ITM_output.d" -o "src/ITM_output.o" "../src/ITM_output.cpp"
arm-none-eabi-gcc -std=c11 -DDEBUG -D__CODE_RED -D__NEWLIB__ -DCORE_M3 -D__USE_LPCOPEN -DCPP_USE_HEAP -D__LPC15XX__ -I"C:\Users\Elppo\Documents\Koulu\2.vuosi_Smart_Systems\3 jakso\ES-project\lpc_board_nxp_lpcxpresso_1549\inc" -I"C:\Users\Elppo\Documents\Koulu\2.vuosi_Smart_Systems\3 jakso\ES-project\lpc_chip_15xx\inc" -O0 -fno-common -g3 -Wall -c -fmessage-length=0 -fno-builtin -ffunction-sections -fdata-sections -mcpu=cortex-m3 -mthumb -fstack-usage -MMD -MP -MF"src/ITM_write.d" -MT"src/ITM_write.o" -MT"src/ITM_write.d" -o "src/ITM_write.o" "../src/ITM_write.c"
Finished building: ../src/ESPProject.cpp
Finished building: ../src/I2Cpressuresensor.cpp
 
 
Building file: ../src/LiquidCrystal.cpp
Building file: ../src/LpcUart.cpp
Invoking: MCU C++ Compiler
Invoking: MCU C++ Compiler
arm-none-eabi-c++ -DDEBUG -D__CODE_RED -D__NEWLIB__ -DCORE_M3 -D__USE_LPCOPEN -DCPP_USE_HEAP -D__LPC15XX__ -I"C:\Users\Elppo\Documents\Koulu\2.vuosi_Smart_Systems\3 jakso\ES-project\lpc_board_nxp_lpcxpresso_1549\inc" -I"C:\Users\Elppo\Documents\Koulu\2.vuosi_Smart_Systems\3 jakso\ES-project\lpc_chip_15xx\inc" -O0 -fno-common -g3 -Wall -c -fmessage-length=0 -fno-builtin -ffunction-sections -fdata-sections -fno-rtti -fno-exceptions -mcpu=cortex-m3 -mthumb -fstack-usage -MMD -MP -MF"src/LiquidCrystal.d" -MT"src/LiquidCrystal.o" -MT"src/LiquidCrystal.d" -o "src/LiquidCrystal.o" "../src/LiquidCrystal.cpp"
arm-none-eabi-c++ -DDEBUG -D__CODE_RED -D__NEWLIB__ -DCORE_M3 -D__USE_LPCOPEN -DCPP_USE_HEAP -D__LPC15XX__ -I"C:\Users\Elppo\Documents\Koulu\2.vuosi_Smart_Systems\3 jakso\ES-project\lpc_board_nxp_lpcxpresso_1549\inc" -I"C:\Users\Elppo\Documents\Koulu\2.vuosi_Smart_Systems\3 jakso\ES-project\lpc_chip_15xx\inc" -O0 -fno-common -g3 -Wall -c -fmessage-length=0 -fno-builtin -ffunction-sections -fdata-sections -fno-rtti -fno-exceptions -mcpu=cortex-m3 -mthumb -fstack-usage -MMD -MP -MF"src/LpcUart.d" -MT"src/LpcUart.o" -MT"src/LpcUart.d" -o "src/LpcUart.o" "../src/LpcUart.cpp"
Finished building: ../src/ITM_write.c
 
Building file: ../src/ModbusMaster.cpp
Finished building: ../src/ITM_output.cpp
Invoking: MCU C++ Compiler
 
arm-none-eabi-c++ -DDEBUG -D__CODE_RED -D__NEWLIB__ -DCORE_M3 -D__USE_LPCOPEN -DCPP_USE_HEAP -D__LPC15XX__ -I"C:\Users\Elppo\Documents\Koulu\2.vuosi_Smart_Systems\3 jakso\ES-project\lpc_board_nxp_lpcxpresso_1549\inc" -I"C:\Users\Elppo\Documents\Koulu\2.vuosi_Smart_Systems\3 jakso\ES-project\lpc_chip_15xx\inc" -O0 -fno-common -g3 -Wall -c -fmessage-length=0 -fno-builtin -ffunction-sections -fdata-sections -fno-rtti -fno-exceptions -mcpu=cortex-m3 -mthumb -fstack-usage -MMD -MP -MF"src/ModbusMaster.d" -MT"src/ModbusMaster.o" -MT"src/ModbusMaster.d" -o "src/ModbusMaster.o" "../src/ModbusMaster.cpp"
Finished building: ../src/LpcUart.cpp
Building file: ../src/ModbusRegister.cpp
 
Invoking: MCU C++ Compiler
arm-none-eabi-c++ -DDEBUG -D__CODE_RED -D__NEWLIB__ -DCORE_M3 -D__USE_LPCOPEN -DCPP_USE_HEAP -D__LPC15XX__ -I"C:\Users\Elppo\Documents\Koulu\2.vuosi_Smart_Systems\3 jakso\ES-project\lpc_board_nxp_lpcxpresso_1549\inc" -I"C:\Users\Elppo\Documents\Koulu\2.vuosi_Smart_Systems\3 jakso\ES-project\lpc_chip_15xx\inc" -O0 -fno-common -g3 -Wall -c -fmessage-length=0 -fno-builtin -ffunction-sections -fdata-sections -fno-rtti -fno-exceptions -mcpu=cortex-m3 -mthumb -fstack-usage -MMD -MP -MF"src/ModbusRegister.d" -MT"src/ModbusRegister.o" -MT"src/ModbusRegister.d" -o "src/ModbusRegister.o" "../src/ModbusRegister.cpp"
Building file: ../src/SerialPort.cpp
Invoking: MCU C++ Compiler
arm-none-eabi-c++ -DDEBUG -D__CODE_RED -D__NEWLIB__ -DCORE_M3 -D__USE_LPCOPEN -DCPP_USE_HEAP -D__LPC15XX__ -I"C:\Users\Elppo\Documents\Koulu\2.vuosi_Smart_Systems\3 jakso\ES-project\lpc_board_nxp_lpcxpresso_1549\inc" -I"C:\Users\Elppo\Documents\Koulu\2.vuosi_Smart_Systems\3 jakso\ES-project\lpc_chip_15xx\inc" -O0 -fno-common -g3 -Wall -c -fmessage-length=0 -fno-builtin -ffunction-sections -fdata-sections -fno-rtti -fno-exceptions -mcpu=cortex-m3 -mthumb -fstack-usage -MMD -MP -MF"src/SerialPort.d" -MT"src/SerialPort.o" -MT"src/SerialPort.d" -o "src/SerialPort.o" "../src/SerialPort.cpp"
Finished building: ../src/LiquidCrystal.cpp
 
Finished building: ../src/ModbusRegister.cpp
 
Building file: ../src/cr_cpp_config.cpp
Finished building: ../src/ModbusMaster.cpp
Invoking: MCU C++ Compiler
 
Building file: ../src/cr_startup_lpc15xx.cpp
arm-none-eabi-c++ -DDEBUG -D__CODE_RED -D__NEWLIB__ -DCORE_M3 -D__USE_LPCOPEN -DCPP_USE_HEAP -D__LPC15XX__ -I"C:\Users\Elppo\Documents\Koulu\2.vuosi_Smart_Systems\3 jakso\ES-project\lpc_board_nxp_lpcxpresso_1549\inc" -I"C:\Users\Elppo\Documents\Koulu\2.vuosi_Smart_Systems\3 jakso\ES-project\lpc_chip_15xx\inc" -O0 -fno-common -g3 -Wall -c -fmessage-length=0 -fno-builtin -ffunction-sections -fdata-sections -fno-rtti -fno-exceptions -mcpu=cortex-m3 -mthumb -fstack-usage -MMD -MP -MF"src/cr_cpp_config.d" -MT"src/cr_cpp_config.o" -MT"src/cr_cpp_config.d" -o "src/cr_cpp_config.o" "../src/cr_cpp_config.cpp"
Building file: ../src/crp.c
Invoking: MCU C++ Compiler
arm-none-eabi-c++ -DDEBUG -D__CODE_RED -D__NEWLIB__ -DCORE_M3 -D__USE_LPCOPEN -DCPP_USE_HEAP -D__LPC15XX__ -I"C:\Users\Elppo\Documents\Koulu\2.vuosi_Smart_Systems\3 jakso\ES-project\lpc_board_nxp_lpcxpresso_1549\inc" -I"C:\Users\Elppo\Documents\Koulu\2.vuosi_Smart_Systems\3 jakso\ES-project\lpc_chip_15xx\inc" -O0 -fno-common -g3 -Wall -c -fmessage-length=0 -fno-builtin -ffunction-sections -fdata-sections -fno-rtti -fno-exceptions -mcpu=cortex-m3 -mthumb -fstack-usage -MMD -MP -MF"src/cr_startup_lpc15xx.d" -MT"src/cr_startup_lpc15xx.o" -MT"src/cr_startup_lpc15xx.d" -o "src/cr_startup_lpc15xx.o" "../src/cr_startup_lpc15xx.cpp"
Invoking: MCU C Compiler
arm-none-eabi-gcc -std=c11 -DDEBUG -D__CODE_RED -D__NEWLIB__ -DCORE_M3 -D__USE_LPCOPEN -DCPP_USE_HEAP -D__LPC15XX__ -I"C:\Users\Elppo\Documents\Koulu\2.vuosi_Smart_Systems\3 jakso\ES-project\lpc_board_nxp_lpcxpresso_1549\inc" -I"C:\Users\Elppo\Documents\Koulu\2.vuosi_Smart_Systems\3 jakso\ES-project\lpc_chip_15xx\inc" -O0 -fno-common -g3 -Wall -c -fmessage-length=0 -fno-builtin -ffunction-sections -fdata-sections -mcpu=cortex-m3 -mthumb -fstack-usage -MMD -MP -MF"src/crp.d" -MT"src/crp.o" -MT"src/crp.d" -o "src/crp.o" "../src/crp.c"
Finished building: ../src/SerialPort.cpp
 
Building file: ../src/sysinit.c
Invoking: MCU C Compiler
Finished building: ../src/cr_cpp_config.cpp
arm-none-eabi-gcc -std=c11 -DDEBUG -D__CODE_RED -D__NEWLIB__ -DCORE_M3 -D__USE_LPCOPEN -DCPP_USE_HEAP -D__LPC15XX__ -I"C:\Users\Elppo\Documents\Koulu\2.vuosi_Smart_Systems\3 jakso\ES-project\lpc_board_nxp_lpcxpresso_1549\inc" -I"C:\Users\Elppo\Documents\Koulu\2.vuosi_Smart_Systems\3 jakso\ES-project\lpc_chip_15xx\inc" -O0 -fno-common -g3 -Wall -c -fmessage-length=0 -fno-builtin -ffunction-sections -fdata-sections -mcpu=cortex-m3 -mthumb -fstack-usage -MMD -MP -MF"src/sysinit.d" -MT"src/sysinit.o" -MT"src/sysinit.d" -o "src/sysinit.o" "../src/sysinit.c"
Finished building: ../src/cr_startup_lpc15xx.cpp
Finished building: ../src/crp.c
 
 
 
Finished building: ../src/sysinit.c
 
Building target: ESPProject.axf
Invoking: MCU C++ Linker
arm-none-eabi-c++ -nostdlib -L"C:\Users\Elppo\Documents\Koulu\2.vuosi_Smart_Systems\3 jakso\ES-project\lpc_board_nxp_lpcxpresso_1549\Debug" -L"C:\Users\Elppo\Documents\Koulu\2.vuosi_Smart_Systems\3 jakso\ES-project\lpc_chip_15xx\Debug" -Xlinker -Map="ESPProject.map" -Xlinker --cref -Xlinker --gc-sections -Xlinker -print-memory-usage -mcpu=cortex-m3 -mthumb -T "ESPProject_Debug.ld" -o "ESPProject.axf"  ./src/DigitalIoPin.o ./src/ESPProject.o ./src/I2C.o ./src/I2Cpressuresensor.o ./src/ITM_output.o ./src/ITM_write.o ./src/LiquidCrystal.o ./src/LpcUart.o ./src/ModbusMaster.o ./src/ModbusRegister.o ./src/SerialPort.o ./src/cr_cpp_config.o ./src/cr_startup_lpc15xx.o ./src/crp.o ./src/sysinit.o   -llpc_board_nxp_lpcxpresso_1549 -llpc_chip_15xx
Memory region         Used Size  Region Size  %age Used
       MFlash256:       10624 B       256 KB      4.05%
      Ram0_16_32:        2276 B        32 KB      6.95%
          Ram2_4:          0 GB         4 KB      0.00%
Finished building target: ESPProject.axf
 
C:/nxp/MCUXpressoIDE_11.0.0_2516/ide/plugins/com.nxp.mcuxpresso.tools.win32_11.0.0.201905131304/buildtools/bin/make --no-print-directory post-build
Performing post-build steps
arm-none-eabi-size "ESPProject.axf"; # arm-none-eabi-objcopy -v -O binary "ESPProject.axf" "ESPProject.bin" ; # checksum -p LPC1549 -d "ESPProject.bin";
   text	   data	    bss	    dec	    hex	filename
   8512	   2112	    164	  10788	   2a24	ESPProject.axf
 
